[mefit-demo.myshopify.com/index.html]
[cdn.shopify.com/s/files/1/0107/4973/9108/t/3/assets/favicon6660.png]
[backblue.gif]
[fade.gif]
[index.html]
[cdn.shopify.com/s/files/1/0107/4973/9108/t/3/assets/logo4cea.png]
[cdn.shopify.com/s/files/1/0107/4973/9108/t/3/assets/frame.scss4d87.css]
[cdn.shopify.com/s/files/1/0107/4973/9108/t/3/assets/style4266.css]
[cdn.shopify.com/s/files/1/0107/4973/9108/t/3/assets/slick-theme6c41.css]
[cdn.shopify.com/s/files/1/0107/4973/9108/t/3/assets/slick.scssec31.css]
[cdn.shopify.com/s/files/1/0107/4973/9108/t/3/assets/slick-slidera9ca.css]
[cdn.shopify.com/s/files/1/0107/4973/9108/t/3/assets/animatea14e.css]
[cdn.shopify.com/s/files/1/0107/4973/9108/t/3/assets/font-all.min373a.css]
[mefit-demo.myshopify.com/POST]
[cdn.shopify.com/shopifycloud/storefront-recaptcha-v3/v0.1/index.js]
[cdn.shopify.com/shopifycloud/shopify/assets/storefront/load_feature-d8a6f1446d67009c524ed4e68648800ba9082eb75548ee28e1050331cbe7ba28.js]
[cdn.shopify.com/s/files/1/0107/4973/9108/t/3/compiled_assets/stylesd66f.css]
[cdn.shopify.com/shopifycloud/shopify/assets/storefront/features-87e8399988880142f2c62771b9d8f2ff6c290b3ff745dd426eb0dfe0db9d1dae.js]
[cdn.shopify.com/s/files/1/0107/4973/9108/t/3/compiled_assets/scriptsd66f.js]
[cdn.shopify.com/s/files/1/0107/4973/9108/t/3/assets/loadinga062.gif]
[mefit-demo.myshopify.com/collections/all.html]
[mefit-demo.myshopify.com/collections.html]
[mefit-demo.myshopify.com/collections/new-offers.html]
[mefit-demo.myshopify.com/products/channel-multimedia-speakers.html]
[mefit-demo.myshopify.com/products/designer-football-bag.html]
[mefit-demo.myshopify.com/products/bass-stereo-headphone.html]
[mefit-demo.myshopify.com/products/gym-bag-with-shoes.html]
[mefit-demo.myshopify.com/products/fitness-tracker-large.html]
[cdn.shopify.com/s/files/1/0107/4973/9108/t/3/assets/headerbb1a.js]
[cdn.shopify.com/s/files/1/0107/4973/9108/files/menu-4-1_2000xdc23.jpg]
[mefit-demo.myshopify.com/products/ear-headphones-with-mic.html]
[cdn.shopify.com/s/files/1/0107/4973/9108/products/product18_large4ee9.jpg]
[cdn.shopify.com/s/files/1/0107/4973/9108/files/menu-1_2000x1b14.jpg]
[mefit-demo.myshopify.com/products/gym-bag-backpack.html]
[mefit-demo.myshopify.com/collections/latest-product.html]
[mefit-demo.myshopify.com/collections/new-arrival.html]
[cdn.shopify.com/s/files/1/0107/4973/9108/files/menu-3-1_2000x07de.jpg]
[cdn.shopify.com/s/files/1/0107/4973/9108/files/menu-3-2_2000xc9e8.jpg]
[mefit-demo.myshopify.com/collections/best-seller.html]
[cdn.shopify.com/s/files/1/0107/4973/9108/files/menu-2-2_2000x2da1.jpg]
[cdn.shopify.com/s/files/1/0107/4973/9108/files/menu-2-1_2000x25ba.jpg]
[cdn.shopify.com/s/files/1/0107/4973/9108/files/menu-2-3_2000x5309.jpg]
[mefit-demo.myshopify.com/pages/about-us.html]
[mefit-demo.myshopify.com/pages/contact-us.html]
[mefit-demo.myshopify.com/blogs/news.html]
[mefit-demo.myshopify.com/search.html]
[mefit-demo.myshopify.com/account/login.html]
[mefit-demo.myshopify.com/account/register.html]
[mefit-demo.myshopify.com/pages/wishlist.html]
[cdn.shopify.com/s/files/1/0107/4973/9108/files/slider-bg_2000x223e.jpg]
[cdn.shopify.com/s/files/1/0107/4973/9108/files/slider-responsive_767x2f90.jpg]
[mefit-demo.myshopify.com/cart.html]
[cdn.shopify.com/s/files/1/0107/4973/9108/files/slider-1_adfee88d-fde5-4ca8-9f70-9d1496c873ff_2000x0ddf.jpg]
[cdn.shopify.com/s/files/1/0107/4973/9108/files/slider-3_b7c47978-8789-4603-91ed-59a1d0569560_767xba35.jpg]
[cdn.shopify.com/s/files/1/0107/4973/9108/files/slider-2_95e59458-97c7-422d-bff6-81e3566c15ee_2000xe159.jpg]
[cdn.shopify.com/s/files/1/0107/4973/9108/files/slider-2_dd13f4da-c26c-4fb7-a8e6-e7b972e040e7_767xd928.jpg]
[cdn.shopify.com/s/files/1/0107/4973/9108/files/img-1sfsfsf_8298601b-3b96-44c1-b67b-494608487bcc_1920X83ca.jpg]
[cdn.shopify.com/s/files/1/0107/4973/9108/files/icon-6_55x698c.png]
[cdn.shopify.com/s/files/1/0107/4973/9108/files/icon-7_55xb1b4.png]
[cdn.shopify.com/s/files/1/0107/4973/9108/files/icon-5_55xb9dc.png]
[cdn.shopify.com/s/files/1/0107/4973/9108/files/icon-4_55xf5fa.png]
[cdn.shopify.com/s/files/1/0107/4973/9108/files/icon-3_55xdd2d.png]
[cdn.shopify.com/s/files/1/0107/4973/9108/files/icon-2_55x6ac6.png]
[cdn.shopify.com/s/files/1/0107/4973/9108/files/img-1_9573e75a-735c-4f63-8d10-6719f37fea9a_large70e9.png]
[cdn.shopify.com/s/files/1/0107/4973/9108/files/img-2_large2c1d.png]
[cdn.shopify.com/s/files/1/0107/4973/9108/files/img-3_large95f5.png]
[cdn.shopify.com/s/files/1/0107/4973/9108/files/img-4_largebe06.png]
[cdn.shopify.com/s/files/1/0107/4973/9108/files/img-5_ad36db92-be98-414d-8df2-36b638919d66_large169f.png]
[cdn.shopify.com/s/files/1/0107/4973/9108/files/img-6_large436d.png]
[cdn.shopify.com/s/files/1/0107/4973/9108/files/ic1_70x7054dc.png]
[cdn.shopify.com/s/files/1/0107/4973/9108/files/ic6_70x7085b7.png]
[cdn.shopify.com/s/files/1/0107/4973/9108/files/ic5_70x70cc8f.png]
[cdn.shopify.com/s/files/1/0107/4973/9108/files/ic4_70x70a08d.png]
[cdn.shopify.com/s/files/1/0107/4973/9108/files/ic3_70x7097c7.png]
[cdn.shopify.com/s/files/1/0107/4973/9108/files/ic2_70x70e2ef.png]
[cdn.shopify.com/s/files/1/0107/4973/9108/files/icon-7_9c8b009b-d64d-4762-a5b9-62ce3fec0333_70x702887.png]
[cdn.shopify.com/s/files/1/0107/4973/9108/files/bg-image-new2_69023b12-8d28-456d-a9f6-8e197cc892e3_150x5d41.jpg]
[cdn.shopify.com/s/files/1/0107/4973/9108/files/bg-image-new2_69023b12-8d28-456d-a9f6-8e197cc892e3_300x5d41.jpg]
[cdn.shopify.com/s/files/1/0107/4973/9108/files/bg-image-new2_69023b12-8d28-456d-a9f6-8e197cc892e3_600x5d41.jpg]
[cdn.shopify.com/s/files/1/0107/4973/9108/files/bg-image-new2_69023b12-8d28-456d-a9f6-8e197cc892e3_800x5d41.jpg]
[cdn.shopify.com/s/files/1/0107/4973/9108/files/bg-image-new2_69023b12-8d28-456d-a9f6-8e197cc892e3_1500x5d41.jpg]
[cdn.shopify.com/s/files/1/0107/4973/9108/files/bg-image-new2_69023b12-8d28-456d-a9f6-8e197cc892e3_2000x5d41.jpg]
[cdn.shopify.com/s/files/1/0107/4973/9108/files/img-3_41beb7e3-1df3-4d2b-96a5-dbe7fc76bb4d_1920X9923.jpg]
[cdn.shopify.com/s/files/1/0107/4973/9108/files/3_grande8f88.png]
[cdn.shopify.com/s/files/1/0107/4973/9108/files/1_45c06def-ac64-4270-8aa8-b85e80a317ef_grandee48a.png]
[cdn.shopify.com/s/files/1/0107/4973/9108/files/2_grande0e73.png]
[cdn.shopify.com/s/files/1/0107/4973/9108/files/icon-10_grande11b1.png]
[cdn.shopify.com/s/files/1/0107/4973/9108/files/icon-8_grandef374.png]
[cdn.shopify.com/s/files/1/0107/4973/9108/files/icon-9_grande5db5.png]
[cdn.shopify.com/s/files/1/0107/4973/9108/files/icon-13_48018a1a-2d31-4a58-87e9-e506ec1ebe0c_grande4169.png]
[cdn.shopify.com/s/files/1/0107/4973/9108/files/icon-14_grandeb80f.png]
[cdn.shopify.com/s/files/1/0107/4973/9108/files/icon-12_grandee5a2.png]
[cdn.shopify.com/s/files/1/0107/4973/9108/files/img-6_grandece7a.jpg]
[cdn.shopify.com/s/files/1/0107/4973/9108/files/img2_grande41bf.jpg]
[cdn.shopify.com/s/files/1/0107/4973/9108/files/img-5_grandee4f8.jpg]
[cdn.shopify.com/s/files/1/0107/4973/9108/files/img-4_1920X9e67.jpg]
[cdn.shopify.com/s/files/1/0107/4973/9108/files/icon-17_1a5c946d-e25d-47d5-87b6-a117a3283d26_grande0795.png]
[cdn.shopify.com/s/files/1/0107/4973/9108/files/icon-16_grande38cd.png]
[cdn.shopify.com/s/files/1/0107/4973/9108/files/icon-18_grande5493.png]
[cdn.shopify.com/s/files/1/0107/4973/9108/files/img-5_91f2e44c-fbf1-468c-9000-cc55d43890f9_grande11b0.png]
[cdn.shopify.com/s/files/1/0107/4973/9108/files/icon-15_grande03ed.png]
[cdn.shopify.com/s/files/1/0107/4973/9108/files/icon-19_grandebf42.png]
[cdn.shopify.com/s/files/1/0107/4973/9108/files/icon-20_grandea49e.png]
[cdn.shopify.com/s/files/1/0107/4973/9108/t/3/assets/prettyPhoto0482.css]
[cdn.shopify.com/s/files/1/0107/4973/9108/files/gal-7_c3abfe5b-aa34-4d31-be8a-85bf06434a72_grandedd45.jpg]
[cdn.shopify.com/s/files/1/0107/4973/9108/t/3/assets/jquery.prettyPhotof86e.js]
[cdn.shopify.com/s/files/1/0107/4973/9108/files/gal-7_c3abfe5b-aa34-4d31-be8a-85bf06434a72_1024x1024dd45.jpg]
[cdn.shopify.com/s/files/1/0107/4973/9108/files/gal-1_a1d84e59-e219-446f-aa73-7e59a0a1ec3b_grande6bb0.jpg]
[cdn.shopify.com/s/files/1/0107/4973/9108/files/gal-1_a1d84e59-e219-446f-aa73-7e59a0a1ec3b_1024x10246bb0.jpg]
[cdn.shopify.com/s/files/1/0107/4973/9108/files/gal-2_2c566e1b-6c06-473b-8c4d-ad285b2a751b_grande62b8.jpg]
[cdn.shopify.com/s/files/1/0107/4973/9108/files/gal-2_2c566e1b-6c06-473b-8c4d-ad285b2a751b_1024x102462b8.jpg]
[cdn.shopify.com/s/files/1/0107/4973/9108/files/gal-3_8306bf76-d1b4-4a8f-b275-5d9ea8b34f5a_grande3e02.jpg]
[cdn.shopify.com/s/files/1/0107/4973/9108/files/gal-3_8306bf76-d1b4-4a8f-b275-5d9ea8b34f5a_1024x10243e02.jpg]
[cdn.shopify.com/s/files/1/0107/4973/9108/files/gal-4_8cd66d2e-39be-41aa-aa74-55ab663094fd_grandee2fe.jpg]
[cdn.shopify.com/s/files/1/0107/4973/9108/files/gal-4_8cd66d2e-39be-41aa-aa74-55ab663094fd_1024x1024e2fe.jpg]
[cdn.shopify.com/s/files/1/0107/4973/9108/files/gal-5_537d4c74-9b45-42d6-8eef-342113b69015_grandec3bf.jpg]
[cdn.shopify.com/s/files/1/0107/4973/9108/files/gal-5_537d4c74-9b45-42d6-8eef-342113b69015_1024x1024c3bf.jpg]
[cdn.shopify.com/s/files/1/0107/4973/9108/files/gal-8_927b81a5-b63c-4e6b-998d-637ddbf25f89_grande43d6.jpg]
[cdn.shopify.com/s/files/1/0107/4973/9108/files/gal-8_927b81a5-b63c-4e6b-998d-637ddbf25f89_1024x102443d6.jpg]
[cdn.shopify.com/s/files/1/0107/4973/9108/files/gal-6_b86d622b-b946-424e-aaed-ca12ac58f149_grande7dba.jpg]
[cdn.shopify.com/s/files/1/0107/4973/9108/files/gal-6_b86d622b-b946-424e-aaed-ca12ac58f149_1024x10247dba.jpg]
[cdn.shopify.com/s/files/1/0107/4973/9108/products/product2_largebecf.jpg]
[mefit-demo.myshopify.com/collections/new-offers/products/fitness-tracker-large.html]
[cdn.shopify.com/s/files/1/0107/4973/9108/products/product14_largebecf.jpg]
[cdn.shopify.com/s/files/1/0107/4973/9108/products/product13_largea6d1.jpg]
[cdn.shopify.com/s/files/1/0107/4973/9108/products/product15_largea6d1.jpg]
[mefit-demo.myshopify.com/collections/new-offers/products/health-wrist-watch.html]
[cdn.shopify.com/s/files/1/0107/4973/9108/products/product14_043d98b4-29bb-4a39-bf98-21be2b5b58e7_large7985.jpg]
[cdn.shopify.com/s/files/1/0107/4973/9108/products/product15_23e8ffef-2c06-4d63-9874-7a4ba3ca292c_large7985.jpg]
[mefit-demo.myshopify.com/collections/new-offers/products/pro-activity-tracker.html]
[cdn.shopify.com/s/files/1/0107/4973/9108/products/product15_ab3eee00-092d-4e02-bb5e-1f760126b77a_largec584.jpg]
[cdn.shopify.com/s/files/1/0107/4973/9108/products/product13_d8b537ab-81b8-41ed-8a65-ac2c934a9302_largec584.jpg]
[mefit-demo.myshopify.com/collections/new-offers/products/sleep-wristband.html]
[cdn.shopify.com/s/files/1/0107/4973/9108/products/product30_f3bd3265-f9fa-41b5-906a-01277e798fbf_large698b.jpg]
[cdn.shopify.com/s/files/1/0107/4973/9108/products/product3_564280d7-3836-49a8-b654-07d52c935c67_large698b.jpg]
[mefit-demo.myshopify.com/collections/new-offers/products/stereo-headphones-black.html]
[cdn.shopify.com/s/files/1/0107/4973/9108/products/product25_26001e3e-fb88-498e-b4c3-50f1954ea1b3_large3116.jpg]
[cdn.shopify.com/s/files/1/0107/4973/9108/products/product29_ce014a80-017d-466b-9b49-40625ebe07f9_large3116.jpg]
[mefit-demo.myshopify.com/collections/new-offers/products/thumping-bass-headphone.html]
[cdn.shopify.com/s/files/1/0107/4973/9108/products/product24_b5d309d3-008e-4e64-ad49-eb90296c8f96_large0da8.jpg]
[cdn.shopify.com/s/files/1/0107/4973/9108/products/product4_e83ee1bd-1e1f-4b23-a196-7ac8c9356869_large0da8.jpg]
[mefit-demo.myshopify.com/collections/new-offers/products/wireless-bluetooth-headphones-1.html]
[cdn.shopify.com/s/files/1/0107/4973/9108/products/product6_65e9d196-8029-4dc7-9a2c-810bb03aa210_large031b.jpg]
[cdn.shopify.com/s/files/1/0107/4973/9108/products/product8_216d5e86-9fff-42fb-8ca1-0ee9b8cd26c3_large031b.jpg]
[cdn.shopify.com/s/files/1/0107/4973/9108/files/client-4_100xf911.jpg]
[mefit-demo.myshopify.com/collections/new-offers/products/wireless-bluetooth-speaker.html]
[cdn.shopify.com/s/files/1/0107/4973/9108/files/client-3_100x9cc9.jpg]
[cdn.shopify.com/s/files/1/0107/4973/9108/files/client-2_100xc99e.jpg]
[cdn.shopify.com/s/files/1/0107/4973/9108/files/client-1_100x03ed.jpg]
[cdn.shopify.com/s/files/1/0107/4973/9108/files/footer-bg_196f2e55-1e44-4802-a061-88499990dfc2_1920X45b8.jpg]
[cdn.shopify.com/s/files/1/0107/4973/9108/files/me-fit-logo_200x147c.png]
[mefit-demo.myshopify.com/pages/faqs.html]
[cdn.shopify.com/s/files/1/0107/4973/9108/files/card-icons_0018_5_smallbce5.png]
[cdn.shopify.com/s/files/1/0107/4973/9108/files/card-icons_0023_1_smalle33d.png]
[mefit-demo.myshopify.com/pages/shipping-details.html]
[cdn.shopify.com/s/files/1/0107/4973/9108/files/card-icons_0003_20_smallb87d.png]
[cdn.shopify.com/s/files/1/0107/4973/9108/files/card-icons_0015_8_small0d20.png]
[cdn.shopify.com/s/files/1/0107/4973/9108/t/3/assets/timbera6ab.js]
[cdn.shopify.com/s/files/1/0107/4973/9108/t/3/assets/theme10bd.js]
[cdn.shopify.com/shopifycloud/shopify/assets/themes_support/api.jquery-e94e010e92e659b566dbc436fdfe5242764380e00398907a14955ba301a4749f.js]
[cdn.shopify.com/shopifycloud/shopify/assets/themes_support/option_selection-fe6b72c2bbdd3369ac0bfefe8648e3c889efca213baefd4cfb0dd9363563831f.js]
[cdn.shopify.com/s/javascripts/currencies.js]
[cdn.shopify.com/s/files/1/0107/4973/9108/t/3/assets/jquery.currencies.minb15e.js]
[cdn.shopify.com/s/files/1/0107/4973/9108/t/3/assets/wow6fc4.js]
[cdn.shopify.com/s/files/1/0107/4973/9108/t/3/assets/classie5fc9.js]
[mefit-demo.myshopify.com/index.html]
[cdn.shopify.com/s/files/1/0107/4973/9108/t/3/assets/uisearch8a32.js]
[cdn.shopify.com/s/files/1/0107/4973/9108/t/3/assets/shopd9eb.js]
[cdn.shopify.com/s/files/1/0107/4973/9108/t/3/assets/ico-selectf30c.svg]
[cdn.shopify.com/s/files/1/0107/4973/9108/t/3/assets/footer5d7f.js]
[cdn.shopify.com/s/files/1/0107/4973/9108/t/3/assets/magnific-popupc2a6.js]
[cdn.shopify.com/s/files/1/0107/4973/9108/t/3/assets/icons8bb4.eot]
[cdn.shopify.com/s/files/1/0107/4973/9108/t/3/assets/icons3c5a.woff]
[cdn.shopify.com/s/files/1/0107/4973/9108/t/3/assets/icons3c5a.ttf]
[cdn.shopify.com/s/files/1/0107/4973/9108/t/3/assets/icons3c5a.svg]
[cdn.shopify.com/s/files/1/0107/4973/9108/t/3/assets/contact_bg_img3c5a.png]
[cdn.shopify.com/s/files/1/0107/4973/9108/t/3/assets/product-arrow0cd1.png]
[cdn.shopify.com/s/files/1/0107/4973/9108/t/3/assets/popup_newsletter_imgdc51.jpg]
[cdn.shopify.com/s/files/1/0107/4973/9108/t/3/assets/hover-Closed57e.png]
[cdn.shopify.com/s/files/1/0107/4973/9108/t/3/assets/montserrat-light-webfont.woff2]
[cdn.shopify.com/s/files/1/0107/4973/9108/t/3/assets/montserrat-light-webfont.woff]
[cdn.shopify.com/s/files/1/0107/4973/9108/t/3/assets/icon-menu-up.png]
[cdn.shopify.com/s/files/1/0107/4973/9108/t/3/assets/icon-megamenu3c5a.png]
[cdn.shopify.com/s/files/1/0107/4973/9108/t/3/assets/loading.gif]
[cdn.shopify.com/s/files/1/0107/4973/9108/t/3/assets/hover3ef9.png]
[cdn.shopify.com/s/files/1/0107/4973/9108/t/3/assets/frame.scss4d87.css]
[cdn.shopify.com/s/files/1/0107/4973/9108/t/3/assets/owl.video.play.png]
[cdn.shopify.com/s/files/1/0107/4973/9108/t/3/assets/icons_new14.png]
[cdn.shopify.com/s/files/1/0107/4973/9108/t/3/assets/prev-horizontal.png]
[cdn.shopify.com/s/files/1/0107/4973/9108/t/3/assets/controlsce7f.png]
[cdn.shopify.com/s/files/1/0107/4973/9108/t/3/assets/fancybox.png]
[cdn.shopify.com/s/files/1/0107/4973/9108/t/3/assets/fancybox-x.png]
[cdn.shopify.com/s/files/1/0107/4973/9108/t/3/assets/style4266.css]
[cdn.shopify.com/s/files/1/0107/4973/9108/t/3/assets/ajax-loader3c5a.gif]
[cdn.shopify.com/s/files/1/0107/4973/9108/t/3/assets/slick.eot]
[cdn.shopify.com/s/files/1/0107/4973/9108/t/3/assets/slickd41d.eot]
[cdn.shopify.com/s/files/1/0107/4973/9108/t/3/assets/slick.woff]
[cdn.shopify.com/s/files/1/0107/4973/9108/t/3/assets/slick.ttf]
[cdn.shopify.com/s/files/1/0107/4973/9108/t/3/assets/slick.svg]
[cdn.shopify.com/s/files/1/0107/4973/9108/t/3/assets/slick-theme6c41.css]
[cdn.shopify.com/s/files/1/0107/4973/9108/t/3/assets/ajax-loader660e.gif]
[cdn.shopify.com/s/files/1/0107/4973/9108/t/3/assets/arrow.png]
[cdn.shopify.com/s/files/1/0107/4973/9108/t/3/assets/slick.scssec31.css]
[cdn.shopify.com/s/files/1/0107/4973/9108/t/3/assets/slick-slidera9ca.css]
[cdn.shopify.com/s/files/1/0107/4973/9108/t/3/assets/animatea14e.css]
[cdn.shopify.com/s/files/1/0107/4973/9108/t/3/assets/fa-brands-400.woff2]
[cdn.shopify.com/s/files/1/0107/4973/9108/t/3/assets/fa-brands-400.woff]
[cdn.shopify.com/s/files/1/0107/4973/9108/t/3/assets/fa-brands-400.eot]
[cdn.shopify.com/s/files/1/0107/4973/9108/t/3/assets/fa-brands-400.ttf]
[cdn.shopify.com/s/files/1/0107/4973/9108/t/3/assets/fa-brands-400.svg]
[cdn.shopify.com/s/files/1/0107/4973/9108/t/3/assets/fa-brands-400d41d.eot]
[cdn.shopify.com/s/files/1/0107/4973/9108/t/3/assets/fa-regular-400.woff2]
[cdn.shopify.com/s/files/1/0107/4973/9108/t/3/assets/fa-regular-400.eot]
[cdn.shopify.com/s/files/1/0107/4973/9108/t/3/assets/fa-regular-400.woff]
[cdn.shopify.com/s/files/1/0107/4973/9108/t/3/assets/fa-regular-400.ttf]
[cdn.shopify.com/s/files/1/0107/4973/9108/t/3/assets/fa-regular-400d41d.eot]
[cdn.shopify.com/s/files/1/0107/4973/9108/t/3/assets/fa-regular-400.svg]
[cdn.shopify.com/s/files/1/0107/4973/9108/t/3/assets/fa-solid-900.woff2]
[cdn.shopify.com/s/files/1/0107/4973/9108/t/3/assets/fa-solid-900.woff]
[cdn.shopify.com/s/files/1/0107/4973/9108/t/3/assets/fa-solid-900.ttf]
[cdn.shopify.com/s/files/1/0107/4973/9108/t/3/assets/fa-solid-900.eot]
[cdn.shopify.com/s/files/1/0107/4973/9108/t/3/assets/fa-solid-900.d2.delayed]
[cdn.shopify.com/s/files/1/0107/4973/9108/t/3/assets/font-all.min373a.css]
[mefit-demo.myshopify.com/POST.html]
[cdn.shopify.com/s/files/1/0107/4973/9108/t/3/compiled_assets/stylesd66f.css]
[mefit-demo.myshopify.com/collections/all.atom]
[mefit-demo.myshopify.com/collections/all4658.html]
[mefit-demo.myshopify.com/collections/POST.d5.delayed]
[cdn.shopify.com/s/files/1/0107/4973/9108/t/3/assets/fa-solid-900d41d.eot]
[cdn.shopify.com/s/files/1/0107/4973/9108/files/red_50x51e5.png]
[cdn.shopify.com/s/files/1/0107/4973/9108/files/hotpink_50xc037.png]
[cdn.shopify.com/s/files/1/0107/4973/9108/files/yellow_50x244b.png]
[cdn.shopify.com/s/files/1/0107/4973/9108/files/blue_50x2196.png]
[cdn.shopify.com/s/files/1/0107/4973/9108/files/orange_50x1190.png]
[cdn.shopify.com/s/files/1/0107/4973/9108/files/violet_50xb45d.png]
[cdn.shopify.com/s/files/1/0107/4973/9108/files/green_50x61d7.png]
[cdn.shopify.com/s/files/1/0107/4973/9108/files/gray_50x215c.png]
[cdn.shopify.com/s/files/1/0107/4973/9108/files/black_50x4ac2.png]
[cdn.shopify.com/s/files/1/0107/4973/9108/products/product2becf.jpg]
[cdn.shopify.com/s/files/1/0107/4973/9108/products/product184ee9.jpg]
[cdn.shopify.com/s/files/1/0107/4973/9108/products/product9_fe5ce967-eb65-483f-b47c-37b7716d0ebd917a.jpg]
[cdn.shopify.com/s/files/1/0107/4973/9108/products/product10ec30.jpg]
[cdn.shopify.com/s/files/1/0107/4973/9108/products/product19_824f9a23-ca7c-4892-aeee-abb7994c47208ec7.jpg]
[cdn.shopify.com/s/files/1/0107/4973/9108/products/product160e0f.jpg]
[cdn.shopify.com/s/files/1/0107/4973/9108/products/product2907f3.jpg]
[mefit-demo.myshopify.com/collections/grid]
[mefit-demo.myshopify.com/collections/list]
[mefit-demo.myshopify.com/collections/manual]
[mefit-demo.myshopify.com/collections/price-ascending]
[mefit-demo.myshopify.com/collections/price-descending]
[mefit-demo.myshopify.com/collections/title-ascending]
[mefit-demo.myshopify.com/collections/title-descending]
[mefit-demo.myshopify.com/collections/created-ascending]
[mefit-demo.myshopify.com/collections/created-descending]
[mefit-demo.myshopify.com/collections/best-selling]
[cdn.shopify.com/s/files/1/0107/4973/9108/products/product29_large07f3.jpg]
[cdn.shopify.com/s/files/1/0107/4973/9108/products/product22_large07f3.jpg]
[cdn.shopify.com/s/files/1/0107/4973/9108/products/product16_large0e0f.jpg]
[cdn.shopify.com/s/files/1/0107/4973/9108/products/product17_large0e0f.jpg]
[cdn.shopify.com/s/files/1/0107/4973/9108/products/product10_largeec30.jpg]
[cdn.shopify.com/s/files/1/0107/4973/9108/products/product19_largeec30.jpg]
[cdn.shopify.com/s/files/1/0107/4973/9108/products/product3_large4ee9.jpg]
[cdn.shopify.com/s/files/1/0107/4973/9108/products/product9_fe5ce967-eb65-483f-b47c-37b7716d0ebd_large917a.jpg]
[cdn.shopify.com/s/files/1/0107/4973/9108/products/product19_4bca8071-3a6d-4b94-8f95-a8ed1b7ab3bb_large917a.jpg]
[cdn.shopify.com/s/files/1/0107/4973/9108/products/product19_824f9a23-ca7c-4892-aeee-abb7994c4720_large8ec7.jpg]
[cdn.shopify.com/s/files/1/0107/4973/9108/products/product9_976bc57a-43c7-4ee2-87a7-4261954c6952_large8ec7.jpg]
[cdn.shopify.com/s/files/1/0107/4973/9108/products/product22_237da3cb-8ff8-47f8-b21b-270f0dc72afb_largec6b5.jpg]
[cdn.shopify.com/s/files/1/0107/4973/9108/products/product29_825146fa-d8ef-4e7d-bc5b-66ba5e89b71b_largec6b5.jpg]
[mefit-demo.myshopify.com/products/h151-headphones.html]
[cdn.shopify.com/s/files/1/0107/4973/9108/products/product28_large41ed.jpg]
[cdn.shopify.com/s/files/1/0107/4973/9108/products/product21_large41ed.jpg]
[mefit-demo.myshopify.com/products/hands-free-headphone.html]
[cdn.shopify.com/s/files/1/0107/4973/9108/products/product26_adaff6d1-fee1-443f-acd7-d12d5d2fd233_largef3b4.jpg]
[cdn.shopify.com/s/files/1/0107/4973/9108/products/product28_942d2e01-b7ab-45eb-a90e-bb22ffec5f58_largef3b4.jpg]
[mefit-demo.myshopify.com/products/headphone-without-mic.html]
[mefit-demo.myshopify.com/products/health-wrist-watch.html]
[cdn.shopify.com/s/files/1/0107/4973/9108/products/product3_6385fdbe-98b5-4573-9025-38f474718db5_largee0e0.jpg]
[cdn.shopify.com/s/files/1/0107/4973/9108/products/product30_largee0e0.jpg]
[mefit-demo.myshopify.com/products/high-passive-noise-attenuation.html]
[cdn.shopify.com/s/files/1/0107/4973/9108/products/product21_277891a5-0434-4cfb-a2ed-1f012063f9d0_largeffe0.jpg]
[cdn.shopify.com/s/files/1/0107/4973/9108/products/product28_c2cd82df-6841-4b7c-a243-3d5b799d18d5_largeffe0.jpg]
[mefit-demo.myshopify.com/products/in-earphones-wireless.html]
[cdn.shopify.com/s/files/1/0107/4973/9108/products/product1_large439d.jpg]
[mefit-demo.myshopify.com/products/legend-bluetooth-headset.html]
[cdn.shopify.com/s/files/1/0107/4973/9108/products/product22_90ff3668-b336-4829-8fcd-141c68b675cf_large439d.jpg]
[cdn.shopify.com/s/files/1/0107/4973/9108/products/product23_large7a6d.jpg]
[cdn.shopify.com/s/files/1/0107/4973/9108/products/product24_large7a6d.jpg]
[mefit-demo.myshopify.com/products/max-wired-headphones.html]
[cdn.shopify.com/s/files/1/0107/4973/9108/products/product5_78da1e1d-82d5-4828-8619-a0507b98e631_large5d27.jpg]
[cdn.shopify.com/s/files/1/0107/4973/9108/products/product17_2d196718-0fc3-403f-8fb2-9280bd124234_large5d27.jpg]
[mefit-demo.myshopify.com/products/mini-rechargeable-speaker.html]
[cdn.shopify.com/s/files/1/0107/4973/9108/products/product17_072ac50e-1fb8-4b3c-9f3b-ec5926d1063e_largee160.jpg]
[cdn.shopify.com/s/files/1/0107/4973/9108/products/product5_90b5cc10-b1c6-4d46-a69a-1c551c9af897_largee160.jpg]
[mefit-demo.myshopify.com/products/multimedia-speakers-black.html]
[cdn.shopify.com/s/files/1/0107/4973/9108/products/product4_b71884f1-9a8d-469d-8400-840daeb985e8_large3f19.jpg]
[cdn.shopify.com/s/files/1/0107/4973/9108/products/product24_481ece56-db20-4ebe-bc55-4988701469c4_large3f19.jpg]
[mefit-demo.myshopify.com/products/on-ear-bluetooth-headphones.html]
[cdn.shopify.com/s/files/1/0107/4973/9108/products/product27_a4ec34a1-639e-4d35-b0af-4ced95c43f74_large3775.jpg]
[cdn.shopify.com/s/files/1/0107/4973/9108/products/product30_ff4cb772-a45c-4e5e-b752-a41e492a8ff5_large3775.jpg]
[mefit-demo.myshopify.com/products/on-ear-headphones-black.html]
[cdn.shopify.com/s/files/1/0107/4973/9108/products/product8_large4c1a.jpg]
[cdn.shopify.com/s/files/1/0107/4973/9108/products/product6_large4c1a.jpg]
[mefit-demo.myshopify.com/products/outdoor-speakers-handfree.html]
[cdn.shopify.com/s/files/1/0107/4973/9108/products/product7_9bad38a5-d8f1-4ea1-acca-d45ec12cca78_largee770.jpg]
[cdn.shopify.com/s/files/1/0107/4973/9108/products/product8_a4645aa9-9172-4190-a09a-ba0399155c4e_largee770.jpg]
[mefit-demo.myshopify.com/products/portable-bluetooth-speaker.html]
[mefit-demo.myshopify.com/products/pro-activity-tracker.html]
[mefit-demo.myshopify.com/products/sleep-wristband.html]
[mefit-demo.myshopify.com/collections/all.html]
[cdn.shopify.com/s/files/1/0107/4973/9108/products/product2_grandebecf.jpg]
[cdn.shopify.com/s/files/1/0107/4973/9108/products/product1_grande439d.jpg]
[mefit-demo.myshopify.com/products/stereo-headphones-black.html]
[cdn.shopify.com/s/files/1/0107/4973/9108/products/product4_b71884f1-9a8d-469d-8400-840daeb985e8_grande3f19.jpg]
[mefit-demo.myshopify.com/collections.html]
[mefit-demo.myshopify.com/collections/new-offers.atom]
[mefit-demo.myshopify.com/collections/new-offers.oembed]
[mefit-demo.myshopify.com/collections/new-offers.html]
[cdn.shopify.com/s/files/1/0107/4973/9108/products/product16_grande0e0f.jpg]
[cdn.shopify.com/s/files/1/0107/4973/9108/products/product5_grande0e0f.jpg]
[cdn.shopify.com/s/files/1/0107/4973/9108/products/product17_grande0e0f.jpg]
[cdn.shopify.com/s/files/1/0107/4973/9108/products/product16_medium0e0f.jpg]
[mefit-demo.myshopify.com/products/channel-multimedia-speakers.oembed]
[mefit-demo.myshopify.com/products/POST]
[ws.sharethis.com/button/buttons.js]
[cdn.shopify.com/s/files/1/0107/4973/9108/products/product4_b71884f1-9a8d-469d-8400-840daeb985e83f19.jpg]
[cdn.shopify.com/s/files/1/0107/4973/9108/products/product5_78da1e1d-82d5-4828-8619-a0507b98e6315d27.jpg]
[cdn.shopify.com/s/files/1/0107/4973/9108/products/product7_9bad38a5-d8f1-4ea1-acca-d45ec12cca78e770.jpg]
[cdn.shopify.com/s/files/1/0107/4973/9108/products/product84c1a.jpg]
[cdn.shopify.com/s/files/1/0107/4973/9108/products/product2_smallbecf.jpg]
[cdn.shopify.com/s/files/1/0107/4973/9108/products/product18_small4ee9.jpg]
[cdn.shopify.com/s/files/1/0107/4973/9108/products/product9_fe5ce967-eb65-483f-b47c-37b7716d0ebd_small917a.jpg]
[cdn.shopify.com/s/files/1/0107/4973/9108/products/product10_smallec30.jpg]
[cdn.shopify.com/s/files/1/0107/4973/9108/products/product50e0f.jpg]
[cdn.shopify.com/s/files/1/0107/4973/9108/products/product5_medium0e0f.jpg]
[cdn.shopify.com/s/files/1/0107/4973/9108/products/product170e0f.jpg]
[cdn.shopify.com/s/files/1/0107/4973/9108/products/product17_medium0e0f.jpg]
[cdn.shopify.com/s/files/1/0107/4973/9108/t/3/assets/soldout0c13.png]
[cdn.shopify.com/s/files/1/0107/4973/9108/products/product16_thumb0e0f.jpg]
[cdn.shopify.com/s/files/1/0107/4973/9108/products/product5_thumb0e0f.jpg]
[cdn.shopify.com/s/files/1/0107/4973/9108/products/product17_thumb0e0f.jpg]
[cdn.shopify.com/s/files/1/0107/4973/9108/files/trust_800x-compressor_800x_aa7c2d92-ff48-4365-8a73-c35e70a19536_medium89f6.png]
[s7.addthis.com/js/300/addthis_widget.js]
[mefit-demo.myshopify.com/collections/best-seller/products/fitness-tracker-large.html]
[mefit-demo.myshopify.com/collections/best-seller/products/ear-headphones-with-mic.html]
[mefit-demo.myshopify.com/collections/best-seller/products/gym-bag-backpack.html]
[mefit-demo.myshopify.com/collections/best-seller/products/designer-football-bag.html]
[mefit-demo.myshopify.com/collections/best-seller/products/gym-bag-with-shoes.html]
[ajax.aspnetcdn.com/ajax/jquery.templates/beta1/jquery.tmpl.min.js]
[cdn.shopify.com/s/files/1/0107/4973/9108/t/3/assets/jquery.fancybox9be8.js]
[mefit-demo.myshopify.com/collections/best-seller/products/bass-stereo-headphone.html]
[cdn.shopify.com/s/files/1/0107/4973/9108/t/3/assets/social-buttonsa4c8.js]
[mefit-demo.myshopify.com/products/channel-multimedia-speakers.html]
[cdn.shopify.com/s/files/1/0107/4973/9108/products/product10_grandeec30.jpg]
[mefit-demo.myshopify.com/products/index.html]
[cdn.shopify.com/s/files/1/0107/4973/9108/products/product9_grandeec30.jpg]
[cdn.shopify.com/s/files/1/0107/4973/9108/products/product19_grandeec30.jpg]
[cdn.shopify.com/s/files/1/0107/4973/9108/products/product10_mediumec30.jpg]
[mefit-demo.myshopify.com/products/designer-football-bag.oembed]
[cdn.shopify.com/s/files/1/0107/4973/9108/products/product9ec30.jpg]
[cdn.shopify.com/s/files/1/0107/4973/9108/products/product9_mediumec30.jpg]
[cdn.shopify.com/s/files/1/0107/4973/9108/products/product19ec30.jpg]
[cdn.shopify.com/s/files/1/0107/4973/9108/products/product19_mediumec30.jpg]
[cdn.shopify.com/s/files/1/0107/4973/9108/products/product10_thumbec30.jpg]
[cdn.shopify.com/s/files/1/0107/4973/9108/products/product9_thumbec30.jpg]
[cdn.shopify.com/s/files/1/0107/4973/9108/products/product19_thumbec30.jpg]
[mefit-demo.myshopify.com/products/designer-football-bag.html]
[cdn.shopify.com/s/files/1/0107/4973/9108/products/product29_grande07f3.jpg]
[mefit-demo.myshopify.com/collections/best-seller/products/channel-multimedia-speakers.html]
[cdn.shopify.com/s/files/1/0107/4973/9108/products/product25_grande07f3.jpg]
[cdn.shopify.com/s/files/1/0107/4973/9108/products/product22_grande07f3.jpg]
[cdn.shopify.com/s/files/1/0107/4973/9108/products/product29_medium07f3.jpg]
[mefit-demo.myshopify.com/products/bass-stereo-headphone.oembed]
[cdn.shopify.com/s/files/1/0107/4973/9108/products/product2507f3.jpg]
[cdn.shopify.com/s/files/1/0107/4973/9108/products/product25_medium07f3.jpg]
[cdn.shopify.com/s/files/1/0107/4973/9108/products/product2207f3.jpg]
[cdn.shopify.com/s/files/1/0107/4973/9108/products/product22_medium07f3.jpg]
[cdn.shopify.com/s/files/1/0107/4973/9108/products/product29_thumb07f3.jpg]
[cdn.shopify.com/s/files/1/0107/4973/9108/products/product25_thumb07f3.jpg]
[cdn.shopify.com/s/files/1/0107/4973/9108/products/product22_thumb07f3.jpg]
[mefit-demo.myshopify.com/products/bass-stereo-headphone.html]
[cdn.shopify.com/s/files/1/0107/4973/9108/products/product19_824f9a23-ca7c-4892-aeee-abb7994c4720_grande8ec7.jpg]
[cdn.shopify.com/s/files/1/0107/4973/9108/products/product10_c7ef958b-1ae6-4523-b400-9db01eede108_grande8ec7.jpg]
[cdn.shopify.com/s/files/1/0107/4973/9108/products/product9_976bc57a-43c7-4ee2-87a7-4261954c6952_grande8ec7.jpg]
[cdn.shopify.com/s/files/1/0107/4973/9108/products/product19_824f9a23-ca7c-4892-aeee-abb7994c4720_medium8ec7.jpg]
[mefit-demo.myshopify.com/products/gym-bag-with-shoes.oembed]
[cdn.shopify.com/s/files/1/0107/4973/9108/products/product10_c7ef958b-1ae6-4523-b400-9db01eede1088ec7.jpg]
[cdn.shopify.com/s/files/1/0107/4973/9108/products/product10_c7ef958b-1ae6-4523-b400-9db01eede108_medium8ec7.jpg]
[cdn.shopify.com/s/files/1/0107/4973/9108/products/product9_976bc57a-43c7-4ee2-87a7-4261954c69528ec7.jpg]
[cdn.shopify.com/s/files/1/0107/4973/9108/products/product9_976bc57a-43c7-4ee2-87a7-4261954c6952_medium8ec7.jpg]
[cdn.shopify.com/s/files/1/0107/4973/9108/products/product19_824f9a23-ca7c-4892-aeee-abb7994c4720_thumb8ec7.jpg]
[cdn.shopify.com/s/files/1/0107/4973/9108/products/product10_c7ef958b-1ae6-4523-b400-9db01eede108_thumb8ec7.jpg]
[cdn.shopify.com/s/files/1/0107/4973/9108/products/product9_976bc57a-43c7-4ee2-87a7-4261954c6952_thumb8ec7.jpg]
[mefit-demo.myshopify.com/products/gym-bag-with-shoes.html]
[cdn.shopify.com/s/files/1/0107/4973/9108/products/product14_grandebecf.jpg]
[cdn.shopify.com/s/files/1/0107/4973/9108/products/product2_mediumbecf.jpg]
[mefit-demo.myshopify.com/products/fitness-tracker-large.oembed]
[cdn.shopify.com/s/files/1/0107/4973/9108/products/product14becf.jpg]
[cdn.shopify.com/s/files/1/0107/4973/9108/products/product14_mediumbecf.jpg]
[cdn.shopify.com/s/files/1/0107/4973/9108/products/product2_thumbbecf.jpg]
[mefit-demo.myshopify.com/products/fitness-tracker-large.html]
[cdn.shopify.com/s/files/1/0107/4973/9108/products/product18_grande4ee9.jpg]
[cdn.shopify.com/s/files/1/0107/4973/9108/products/product3_grande4ee9.jpg]
[cdn.shopify.com/s/files/1/0107/4973/9108/products/product18_medium4ee9.jpg]
[mefit-demo.myshopify.com/products/ear-headphones-with-mic.oembed]
[cdn.shopify.com/s/files/1/0107/4973/9108/products/product34ee9.jpg]
[cdn.shopify.com/s/files/1/0107/4973/9108/products/product3_medium4ee9.jpg]
[cdn.shopify.com/s/files/1/0107/4973/9108/products/product18_thumb4ee9.jpg]
[mefit-demo.myshopify.com/products/ear-headphones-with-mic.html]
[cdn.shopify.com/s/files/1/0107/4973/9108/products/product9_fe5ce967-eb65-483f-b47c-37b7716d0ebd_grande917a.jpg]
[cdn.shopify.com/s/files/1/0107/4973/9108/products/product10_6d64a90b-9aa7-4af0-90ac-6d6398d5396b_grande917a.jpg]
[cdn.shopify.com/s/files/1/0107/4973/9108/products/product19_4bca8071-3a6d-4b94-8f95-a8ed1b7ab3bb_grande917a.jpg]
[cdn.shopify.com/s/files/1/0107/4973/9108/products/product9_fe5ce967-eb65-483f-b47c-37b7716d0ebd_medium917a.jpg]
[mefit-demo.myshopify.com/products/gym-bag-backpack.oembed]
[cdn.shopify.com/s/files/1/0107/4973/9108/products/product10_6d64a90b-9aa7-4af0-90ac-6d6398d5396b917a.jpg]
[cdn.shopify.com/s/files/1/0107/4973/9108/products/product10_6d64a90b-9aa7-4af0-90ac-6d6398d5396b_medium917a.jpg]
[cdn.shopify.com/s/files/1/0107/4973/9108/products/product19_4bca8071-3a6d-4b94-8f95-a8ed1b7ab3bb917a.jpg]
[cdn.shopify.com/s/files/1/0107/4973/9108/products/product19_4bca8071-3a6d-4b94-8f95-a8ed1b7ab3bb_medium917a.jpg]
[cdn.shopify.com/s/files/1/0107/4973/9108/products/product9_fe5ce967-eb65-483f-b47c-37b7716d0ebd_thumb917a.jpg]
[cdn.shopify.com/s/files/1/0107/4973/9108/products/product10_6d64a90b-9aa7-4af0-90ac-6d6398d5396b_thumb917a.jpg]
[cdn.shopify.com/s/files/1/0107/4973/9108/products/product19_4bca8071-3a6d-4b94-8f95-a8ed1b7ab3bb_thumb917a.jpg]
[mefit-demo.myshopify.com/products/gym-bag-backpack.html]
[mefit-demo.myshopify.com/collections/latest-product.atom]
[mefit-demo.myshopify.com/collections/latest-product.oembed]
[mefit-demo.myshopify.com/collections/latest-product/products/legend-bluetooth-headset.html]
[mefit-demo.myshopify.com/collections/latest-product/products/health-wrist-watch.html]
[mefit-demo.myshopify.com/collections/latest-product/products/high-passive-noise-attenuation.html]
[mefit-demo.myshopify.com/collections/latest-product/products/in-earphones-wireless.html]
[mefit-demo.myshopify.com/collections/latest-product/products/headphone-without-mic.html]
[mefit-demo.myshopify.com/collections/latest-product/products/hands-free-headphone.html]
[mefit-demo.myshopify.com/collections/latest-product.html]
[mefit-demo.myshopify.com/collections/latest-product/products/h151-headphones.html]
[mefit-demo.myshopify.com/collections/new-arrival.atom]
[mefit-demo.myshopify.com/collections/new-arrival.oembed]
[mefit-demo.myshopify.com/collections/new-arrival/products/on-ear-bluetooth-headphones.html]
[mefit-demo.myshopify.com/collections/new-arrival/products/mini-rechargeable-speaker.html]
[mefit-demo.myshopify.com/collections/new-arrival/products/portable-bluetooth-speaker.html]
[mefit-demo.myshopify.com/collections/new-arrival/products/outdoor-speakers-handfree.html]
[mefit-demo.myshopify.com/collections/new-arrival/products/multimedia-speakers-black.html]
[mefit-demo.myshopify.com/collections/new-arrival/products/max-wired-headphones.html]
[mefit-demo.myshopify.com/collections/new-arrival.html]
[mefit-demo.myshopify.com/collections/new-arrival/products/on-ear-headphones-black.html]
[mefit-demo.myshopify.com/collections/best-seller.atom]
[mefit-demo.myshopify.com/collections/best-seller.html]
[mefit-demo.myshopify.com/collections/best-seller.oembed]
[mefit-demo.myshopify.com/pages/POST]
[cdn.shopify.com/s/files/1/0107/4973/9108/files/img-1_b482015c-10c6-469a-8cd0-6c757b1647bb_950X0cbd.jpg]
[cdn.shopify.com/s/files/1/0107/4973/9108/files/img-3_528122a8-aace-411d-bf97-b27c842aabd8_1920X99ff.jpg]
[cdn.shopify.com/s/files/1/0107/4973/9108/files/1_e341ed13-48f4-41f8-b7d5-8f3cad72f1b1_582x392d6c1.png]
[cdn.shopify.com/s/files/1/0107/4973/9108/files/img-4_1bd80a0b-6381-47cf-941f-d540337d450c_1000X593b.jpg]
[cdn.shopify.com/s/files/1/0107/4973/9108/files/img-5_978a9004-c97d-4f40-85e9-e6eef8e96c45_1000X8409.jpg]
[cdn.shopify.com/s/files/1/0107/4973/9108/files/img-6_69bd90d7-7e80-418a-8489-218c6ee2b080_1000Xf329.jpg]
[cdn.shopify.com/s/files/1/0107/4973/9108/files/img-7_a89e0dbf-ab0c-4226-9021-a7d11b23264c_1000Xaa0b.jpg]
[cdn.shopify.com/s/files/1/0107/4973/9108/files/client-1_c444f6cb-4f1f-43fb-9916-70ad576eaeb03f0d.jpg]
[cdn.shopify.com/s/files/1/0107/4973/9108/files/client-2_76d1b790-a2e1-4e52-9119-de56ef31f0acffbe.jpg]
[cdn.shopify.com/s/files/1/0107/4973/9108/files/client-3_26fa0e8b-191d-489e-81ec-6bccd971483b6ac8.jpg]
[cdn.shopify.com/s/files/1/0107/4973/9108/files/client-4_a5d295a3-328d-4ca0-aa18-b7126fc7b6c8bddf.jpg]
[cdn.shopify.com/s/files/1/0107/4973/9108/files/client-52e87.jpg]
[cdn.shopify.com/s/files/1/0107/4973/9108/files/client-63f4c.jpg]
[cdn.shopify.com/s/files/1/0107/4973/9108/files/client-7188c.jpg]
[cdn.shopify.com/s/files/1/0107/4973/9108/files/client-8ef81.jpg]
[mefit-demo.myshopify.com/pages/about-us.html]
[mefit-demo.myshopify.com/pages/contact-us.html]
[mefit-demo.myshopify.com/blogs/news.atom]
[mefit-demo.myshopify.com/blogs/news4658.html]
[mefit-demo.myshopify.com/blogs/POST]
[cdn.shopify.com/s/files/1/0107/4973/9108/articles/blog-133ee3.jpg]
[mefit-demo.myshopify.com/blogs/news/sport-model-smart-watch.html]
[cdn.shopify.com/s/files/1/0107/4973/9108/articles/blog-12bceb.jpg]
[mefit-demo.myshopify.com/blogs/news/the-steps-count-tracker.html]
[mefit-demo.myshopify.com/blogs/news/sleep-monitor-with-alarm.html]
[cdn.shopify.com/s/files/1/0107/4973/9108/articles/blog-119f0c.jpg]
[mefit-demo.myshopify.com/blogs/news/tagged/alarm.html]
[mefit-demo.myshopify.com/blogs/news/tagged/calculating.html]
[mefit-demo.myshopify.com/blogs/news/tagged/calories.html]
[mefit-demo.myshopify.com/blogs/news/tagged/fitness.html]
[mefit-demo.myshopify.com/blogs/news/tagged/gym.html]
[mefit-demo.myshopify.com/blogs/news/tagged/health-tracker.html]
[mefit-demo.myshopify.com/blogs/news/tagged/heart-rate.html]
[mefit-demo.myshopify.com/blogs/news/tagged/monitor.html]
[mefit-demo.myshopify.com/blogs/news/tagged/notification.html]
[mefit-demo.myshopify.com/blogs/news/tagged/pedometer.html]
[mefit-demo.myshopify.com/blogs/news/tagged/smart-watch.html]
[mefit-demo.myshopify.com/blogs/news/tagged/steps-count.html]
[mefit-demo.myshopify.com/blogs/news/tagged/tracker.html]
[mefit-demo.myshopify.com/blogs/news/tagged/watch.html]
[cdn.shopify.com/s/files/1/0107/4973/9108/t/3/assets/instagram0ed7.js]
[cdn.shopify.com/s/files/1/0107/4973/9108/products/product1439d.jpg]
[cdn.shopify.com/s/files/1/0107/4973/9108/products/product13a6d1.jpg]
[cdn.shopify.com/s/files/1/0107/4973/9108/products/product3_6385fdbe-98b5-4573-9025-38f474718db5e0e0.jpg]
[mefit-demo.myshopify.com/blogs/news/amazing-feature-tracker-watch.html]
[cdn.shopify.com/s/files/1/0107/4973/9108/articles/blog-107308.jpg]
[mefit-demo.myshopify.com/blogs/news/smart-wristband-watch.html]
[cdn.shopify.com/s/files/1/0107/4973/9108/articles/blog-909de.jpg]
[mefit-demo.myshopify.com/blogs/news/the-best-heart-rates-calculate.html]
[mefit-demo.myshopify.com/blogs/news.html]
[cdn.shopify.com/s/files/1/0107/4973/9108/articles/blog-861d2.jpg]
[cdn.shopify.com/s/global/search.css]
[mefit-demo.myshopify.com/search.html]
[mefit-demo.myshopify.com/account/POST.22f.delayed]
[cdn.shopify.com/shopifycloud/shopify/assets/themes_support/shopify_common-8ea6ac3faf357236a97f5de749df4da6e8436ca107bc3a4ee805cbf08bc47392.js]
[mefit-demo.myshopify.com/account/login.html]
[mefit-demo.myshopify.com/account/register.html]
[mefit-demo.myshopify.com/pages/wishlist.html]
[mefit-demo.myshopify.com/cart.html]
[cdn.shopify.com/s/files/1/0107/4973/9108/t/3/assets/sprite8cbb.png]
[cdn.shopify.com/s/files/1/0107/4973/9108/t/3/assets/sprite_xcfc8.png]
[cdn.shopify.com/s/files/1/0107/4973/9108/t/3/assets/sprite_ybf55.png]
[cdn.shopify.com/s/files/1/0107/4973/9108/t/3/assets/sprite_next.234660e.delayed]
[cdn.shopify.com/s/files/1/0107/4973/9108/t/3/assets/sprite_prev660e.png]
[cdn.shopify.com/s/files/1/0107/4973/9108/t/3/assets/default_thumb660e.png]
[cdn.shopify.com/s/files/1/0107/4973/9108/t/3/assets/loader660e.gif]
[cdn.shopify.com/s/files/1/0107/4973/9108/t/3/assets/default_thumbnail660e.gif]
[cdn.shopify.com/s/files/1/0107/4973/9108/t/3/assets/btnNext660e.png]
[cdn.shopify.com/s/files/1/0107/4973/9108/t/3/assets/contentPattern660e.png]
[cdn.shopify.com/s/files/1/0107/4973/9108/t/3/assets/prettyPhoto0482.css]
[mefit-demo.myshopify.com/collections/new-offers/products/POST.23b.delayed]
[mefit-demo.myshopify.com/collections/new-offers/products/fitness-tracker-large.html]
[cdn.shopify.com/s/files/1/0107/4973/9108/products/product13_grandea6d1.jpg]
[cdn.shopify.com/s/files/1/0107/4973/9108/products/product14_4f1dfb8c-62cf-4e9f-9318-01b62e43930f_grandea6d1.jpg]
[cdn.shopify.com/s/files/1/0107/4973/9108/products/product15_grandea6d1.jpg]
[cdn.shopify.com/s/files/1/0107/4973/9108/products/product13_mediuma6d1.jpg]
[mefit-demo.myshopify.com/products/health-wrist-watch.oembed]
[cdn.shopify.com/s/files/1/0107/4973/9108/products/product14_4f1dfb8c-62cf-4e9f-9318-01b62e43930fa6d1.jpg]
[cdn.shopify.com/s/files/1/0107/4973/9108/products/product14_4f1dfb8c-62cf-4e9f-9318-01b62e43930f_mediuma6d1.jpg]
[cdn.shopify.com/s/files/1/0107/4973/9108/products/product15a6d1.jpg]
[cdn.shopify.com/s/files/1/0107/4973/9108/products/product15_mediuma6d1.jpg]
[cdn.shopify.com/s/files/1/0107/4973/9108/products/product13_thumba6d1.jpg]
[cdn.shopify.com/s/files/1/0107/4973/9108/products/product14_4f1dfb8c-62cf-4e9f-9318-01b62e43930f_thumba6d1.jpg]
[cdn.shopify.com/s/files/1/0107/4973/9108/products/product15_thumba6d1.jpg]
[mefit-demo.myshopify.com/collections/new-offers/products/health-wrist-watch.html]
[cdn.shopify.com/s/files/1/0107/4973/9108/products/product14_043d98b4-29bb-4a39-bf98-21be2b5b58e7_grande7985.jpg]
[cdn.shopify.com/s/files/1/0107/4973/9108/products/product13_c362dd64-a317-437e-b87e-72a3585d7135_grande7985.jpg]
[cdn.shopify.com/s/files/1/0107/4973/9108/products/product15_23e8ffef-2c06-4d63-9874-7a4ba3ca292c_grande7985.jpg]
[cdn.shopify.com/s/files/1/0107/4973/9108/products/product14_043d98b4-29bb-4a39-bf98-21be2b5b58e7_medium7985.jpg]
[mefit-demo.myshopify.com/products/pro-activity-tracker.oembed]
[cdn.shopify.com/s/files/1/0107/4973/9108/products/product14_043d98b4-29bb-4a39-bf98-21be2b5b58e77985.jpg]
[cdn.shopify.com/s/files/1/0107/4973/9108/products/product13_c362dd64-a317-437e-b87e-72a3585d71357985.jpg]
[cdn.shopify.com/s/files/1/0107/4973/9108/products/product13_c362dd64-a317-437e-b87e-72a3585d7135_medium7985.jpg]
[cdn.shopify.com/s/files/1/0107/4973/9108/products/product15_23e8ffef-2c06-4d63-9874-7a4ba3ca292c7985.jpg]
[cdn.shopify.com/s/files/1/0107/4973/9108/products/product15_23e8ffef-2c06-4d63-9874-7a4ba3ca292c_medium7985.jpg]
[cdn.shopify.com/s/files/1/0107/4973/9108/products/product14_043d98b4-29bb-4a39-bf98-21be2b5b58e7_thumb7985.jpg]
[cdn.shopify.com/s/files/1/0107/4973/9108/products/product13_c362dd64-a317-437e-b87e-72a3585d7135_thumb7985.jpg]
[cdn.shopify.com/s/files/1/0107/4973/9108/products/product15_23e8ffef-2c06-4d63-9874-7a4ba3ca292c_thumb7985.jpg]
[mefit-demo.myshopify.com/collections/new-offers/products/pro-activity-tracker.html]
[cdn.shopify.com/s/files/1/0107/4973/9108/products/product15_ab3eee00-092d-4e02-bb5e-1f760126b77a_grandec584.jpg]
[cdn.shopify.com/s/files/1/0107/4973/9108/products/product14_27b9195a-cd99-4bb1-ba5a-8419e0bcc6b6_grandec584.jpg]
[cdn.shopify.com/s/files/1/0107/4973/9108/products/product13_d8b537ab-81b8-41ed-8a65-ac2c934a9302_grandec584.jpg]
[cdn.shopify.com/s/files/1/0107/4973/9108/products/product15_ab3eee00-092d-4e02-bb5e-1f760126b77a_mediumc584.jpg]
[mefit-demo.myshopify.com/products/sleep-wristband.oembed]
[cdn.shopify.com/s/files/1/0107/4973/9108/products/product15_ab3eee00-092d-4e02-bb5e-1f760126b77ac584.jpg]
[cdn.shopify.com/s/files/1/0107/4973/9108/products/product14_27b9195a-cd99-4bb1-ba5a-8419e0bcc6b6c584.jpg]
[cdn.shopify.com/s/files/1/0107/4973/9108/products/product14_27b9195a-cd99-4bb1-ba5a-8419e0bcc6b6_mediumc584.jpg]
[cdn.shopify.com/s/files/1/0107/4973/9108/products/product13_d8b537ab-81b8-41ed-8a65-ac2c934a9302c584.jpg]
[cdn.shopify.com/s/files/1/0107/4973/9108/products/product13_d8b537ab-81b8-41ed-8a65-ac2c934a9302_mediumc584.jpg]
[cdn.shopify.com/s/files/1/0107/4973/9108/products/product15_ab3eee00-092d-4e02-bb5e-1f760126b77a_thumbc584.jpg]
[cdn.shopify.com/s/files/1/0107/4973/9108/products/product14_27b9195a-cd99-4bb1-ba5a-8419e0bcc6b6_thumbc584.jpg]
[cdn.shopify.com/s/files/1/0107/4973/9108/products/product13_d8b537ab-81b8-41ed-8a65-ac2c934a9302_thumbc584.jpg]
[mefit-demo.myshopify.com/collections/new-offers/products/sleep-wristband.html]
[cdn.shopify.com/s/files/1/0107/4973/9108/products/product30_f3bd3265-f9fa-41b5-906a-01277e798fbf_grande698b.jpg]
[cdn.shopify.com/s/files/1/0107/4973/9108/products/product27_6d014de8-a6f1-4877-b59c-9e655df076fd_grande698b.jpg]
[cdn.shopify.com/s/files/1/0107/4973/9108/products/product3_564280d7-3836-49a8-b654-07d52c935c67_grande698b.jpg]
[cdn.shopify.com/s/files/1/0107/4973/9108/products/product30_f3bd3265-f9fa-41b5-906a-01277e798fbf_medium698b.jpg]
[mefit-demo.myshopify.com/products/stereo-headphones-black.oembed]
[cdn.shopify.com/s/files/1/0107/4973/9108/products/product30_f3bd3265-f9fa-41b5-906a-01277e798fbf698b.jpg]
[cdn.shopify.com/s/files/1/0107/4973/9108/products/product27_6d014de8-a6f1-4877-b59c-9e655df076fd698b.jpg]
[cdn.shopify.com/s/files/1/0107/4973/9108/products/product27_6d014de8-a6f1-4877-b59c-9e655df076fd_medium698b.jpg]
[cdn.shopify.com/s/files/1/0107/4973/9108/products/product3_564280d7-3836-49a8-b654-07d52c935c67698b.jpg]
[cdn.shopify.com/s/files/1/0107/4973/9108/products/product3_564280d7-3836-49a8-b654-07d52c935c67_medium698b.jpg]
[cdn.shopify.com/s/files/1/0107/4973/9108/products/product30_f3bd3265-f9fa-41b5-906a-01277e798fbf_thumb698b.jpg]
[mefit-demo.myshopify.com/collections/new-offers/products/stereo-headphones-black.html]
[cdn.shopify.com/s/files/1/0107/4973/9108/products/product25_26001e3e-fb88-498e-b4c3-50f1954ea1b3_grande3116.jpg]
[mefit-demo.myshopify.com/products/thumping-bass-headphone.html]
[cdn.shopify.com/s/files/1/0107/4973/9108/products/product22_a6f846cd-d0e8-41f1-adf6-32abfff34963_grande3116.jpg]
[cdn.shopify.com/s/files/1/0107/4973/9108/products/product29_ce014a80-017d-466b-9b49-40625ebe07f9_grande3116.jpg]
[cdn.shopify.com/s/files/1/0107/4973/9108/products/product25_26001e3e-fb88-498e-b4c3-50f1954ea1b3_medium3116.jpg]
[mefit-demo.myshopify.com/products/thumping-bass-headphone.oembed]
[cdn.shopify.com/s/files/1/0107/4973/9108/products/product25_26001e3e-fb88-498e-b4c3-50f1954ea1b33116.jpg]
[cdn.shopify.com/s/files/1/0107/4973/9108/products/product22_a6f846cd-d0e8-41f1-adf6-32abfff349633116.jpg]
[cdn.shopify.com/s/files/1/0107/4973/9108/products/product22_a6f846cd-d0e8-41f1-adf6-32abfff34963_medium3116.jpg]
[cdn.shopify.com/s/files/1/0107/4973/9108/products/product29_ce014a80-017d-466b-9b49-40625ebe07f93116.jpg]
[cdn.shopify.com/s/files/1/0107/4973/9108/products/product29_ce014a80-017d-466b-9b49-40625ebe07f9_medium3116.jpg]
[cdn.shopify.com/s/files/1/0107/4973/9108/products/product25_26001e3e-fb88-498e-b4c3-50f1954ea1b3_thumb3116.jpg]
[cdn.shopify.com/s/files/1/0107/4973/9108/products/product22_a6f846cd-d0e8-41f1-adf6-32abfff34963_thumb3116.jpg]
[cdn.shopify.com/s/files/1/0107/4973/9108/products/product29_ce014a80-017d-466b-9b49-40625ebe07f9_thumb3116.jpg]
[mefit-demo.myshopify.com/collections/new-offers/products/thumping-bass-headphone.html]
[cdn.shopify.com/s/files/1/0107/4973/9108/products/product24_b5d309d3-008e-4e64-ad49-eb90296c8f96_grande0da8.jpg]
[cdn.shopify.com/s/files/1/0107/4973/9108/products/product23_c753f20c-c1bf-4775-b567-2fe671649591_grande0da8.jpg]
[mefit-demo.myshopify.com/products/wireless-bluetooth-headphones-1.html]
[cdn.shopify.com/s/files/1/0107/4973/9108/products/product4_e83ee1bd-1e1f-4b23-a196-7ac8c9356869_grande0da8.jpg]
[cdn.shopify.com/s/files/1/0107/4973/9108/products/product24_b5d309d3-008e-4e64-ad49-eb90296c8f96_medium0da8.jpg]
[mefit-demo.myshopify.com/products/wireless-bluetooth-headphones-1.oembed]
[cdn.shopify.com/s/files/1/0107/4973/9108/products/product24_b5d309d3-008e-4e64-ad49-eb90296c8f960da8.jpg]
[cdn.shopify.com/s/files/1/0107/4973/9108/products/product23_c753f20c-c1bf-4775-b567-2fe6716495910da8.jpg]
[cdn.shopify.com/s/files/1/0107/4973/9108/products/product23_c753f20c-c1bf-4775-b567-2fe671649591_medium0da8.jpg]
[cdn.shopify.com/s/files/1/0107/4973/9108/products/product4_e83ee1bd-1e1f-4b23-a196-7ac8c93568690da8.jpg]
[cdn.shopify.com/s/files/1/0107/4973/9108/products/product4_e83ee1bd-1e1f-4b23-a196-7ac8c9356869_medium0da8.jpg]
[cdn.shopify.com/s/files/1/0107/4973/9108/products/product24_b5d309d3-008e-4e64-ad49-eb90296c8f96_thumb0da8.jpg]
[cdn.shopify.com/s/files/1/0107/4973/9108/products/product23_c753f20c-c1bf-4775-b567-2fe671649591_thumb0da8.jpg]
[cdn.shopify.com/s/files/1/0107/4973/9108/products/product4_e83ee1bd-1e1f-4b23-a196-7ac8c9356869_thumb0da8.jpg]
[mefit-demo.myshopify.com/collections/new-offers/products/wireless-bluetooth-headphones-1.html]
[cdn.shopify.com/s/files/1/0107/4973/9108/products/product6_65e9d196-8029-4dc7-9a2c-810bb03aa210_grande031b.jpg]
[cdn.shopify.com/s/files/1/0107/4973/9108/products/product7_31e7a16a-ffec-4730-a4e1-20c5006bf0b6_grande031b.jpg]
[mefit-demo.myshopify.com/products/wireless-bluetooth-speaker.html]
[cdn.shopify.com/s/files/1/0107/4973/9108/products/product8_216d5e86-9fff-42fb-8ca1-0ee9b8cd26c3_grande031b.jpg]
[cdn.shopify.com/s/files/1/0107/4973/9108/products/product6_65e9d196-8029-4dc7-9a2c-810bb03aa210_medium031b.jpg]
[mefit-demo.myshopify.com/products/wireless-bluetooth-speaker.oembed]
[cdn.shopify.com/s/files/1/0107/4973/9108/products/product6_65e9d196-8029-4dc7-9a2c-810bb03aa210031b.jpg]
[cdn.shopify.com/s/files/1/0107/4973/9108/products/product7_31e7a16a-ffec-4730-a4e1-20c5006bf0b6031b.jpg]
[cdn.shopify.com/s/files/1/0107/4973/9108/products/product7_31e7a16a-ffec-4730-a4e1-20c5006bf0b6_medium031b.jpg]
[cdn.shopify.com/s/files/1/0107/4973/9108/products/product8_216d5e86-9fff-42fb-8ca1-0ee9b8cd26c3031b.jpg]
[cdn.shopify.com/s/files/1/0107/4973/9108/products/product8_216d5e86-9fff-42fb-8ca1-0ee9b8cd26c3_medium031b.jpg]
[cdn.shopify.com/s/files/1/0107/4973/9108/products/product6_65e9d196-8029-4dc7-9a2c-810bb03aa210_thumb031b.jpg]
[cdn.shopify.com/s/files/1/0107/4973/9108/products/product7_31e7a16a-ffec-4730-a4e1-20c5006bf0b6_thumb031b.jpg]
[cdn.shopify.com/s/files/1/0107/4973/9108/products/product8_216d5e86-9fff-42fb-8ca1-0ee9b8cd26c3_thumb031b.jpg]
[mefit-demo.myshopify.com/collections/new-offers/products/wireless-bluetooth-speaker.html]
[mefit-demo.myshopify.com/pages/faqs.html]
[mefit-demo.myshopify.com/pages/shipping-details.html]
[cdn.shopify.com/s/files/1/0107/4973/9108/t/3/assets/ico-selectf30c.svg]
[cdn.shopify.com/s/files/1/0107/4973/9108/t/3/assets/icons3c5a.html]
[cdn.shopify.com/s/files/1/0107/4973/9108/t/3/assets/icons3c5a-2.html]
[cdn.shopify.com/s/files/1/0107/4973/9108/t/3/assets/icons3c5a-3.html]
[cdn.shopify.com/s/files/1/0107/4973/9108/t/3/assets/contact_bg_img3c5a.html]
[cdn.shopify.com/s/files/1/0107/4973/9108/t/3/assets/montserrat-light-webfont.html]
[cdn.shopify.com/s/files/1/0107/4973/9108/t/3/assets/montserrat-light-webfont-2.html]
[cdn.shopify.com/s/files/1/0107/4973/9108/t/3/assets/icon-menu-up.html]
[cdn.shopify.com/s/files/1/0107/4973/9108/t/3/assets/icon-megamenu3c5a.html]
[cdn.shopify.com/s/files/1/0107/4973/9108/t/3/assets/owl.video.play.html]
[cdn.shopify.com/s/files/1/0107/4973/9108/t/3/assets/prev-horizontal.html]
[cdn.shopify.com/s/files/1/0107/4973/9108/t/3/assets/fancybox-x.html]
[cdn.shopify.com/s/files/1/0107/4973/9108/t/3/assets/ajax-loader3c5a.html]
[cdn.shopify.com/s/files/1/0107/4973/9108/t/3/assets/slick.svg]
[cdn.shopify.com/s/files/1/0107/4973/9108/t/3/assets/ajax-loader660e.html]
[cdn.shopify.com/s/files/1/0107/4973/9108/t/3/assets/fa-brands-400.svg]
[cdn.shopify.com/s/files/1/0107/4973/9108/t/3/assets/fa-regular-400.svg]
[cdn.shopify.com/s/files/1/0107/4973/9108/t/3/assets/fa-solid-900.html]
[mefit-demo.myshopify.com/collections/all2679.html]
[mefit-demo.myshopify.com/collections/all4658.html]
[mefit-demo.myshopify.com/collections/POST.html]
[mefit-demo.myshopify.com/collections/grid.html]
[mefit-demo.myshopify.com/collections/list.html]
[mefit-demo.myshopify.com/collections/manual.html]
[mefit-demo.myshopify.com/collections/price-ascending.html]
[mefit-demo.myshopify.com/collections/price-descending.html]
[mefit-demo.myshopify.com/collections/title-ascending.html]
[mefit-demo.myshopify.com/collections/title-descending.html]
[mefit-demo.myshopify.com/collections/created-ascending.html]
[mefit-demo.myshopify.com/collections/created-descending.html]
[mefit-demo.myshopify.com/collections/best-selling.html]
[cdn.shopify.com/s/files/1/0107/4973/9108/products/product22_237da3cb-8ff8-47f8-b21b-270f0dc72afb_grandec6b5.jpg]
[cdn.shopify.com/s/files/1/0107/4973/9108/products/product25_4c0aa4b2-309a-44f7-8656-6bf5b54c8c6f_grandec6b5.jpg]
[cdn.shopify.com/s/files/1/0107/4973/9108/products/product29_825146fa-d8ef-4e7d-bc5b-66ba5e89b71b_grandec6b5.jpg]
[cdn.shopify.com/s/files/1/0107/4973/9108/products/product22_237da3cb-8ff8-47f8-b21b-270f0dc72afb_mediumc6b5.jpg]
[mefit-demo.myshopify.com/products/h151-headphones.oembed]
[cdn.shopify.com/s/files/1/0107/4973/9108/products/product22_237da3cb-8ff8-47f8-b21b-270f0dc72afbc6b5.jpg]
[cdn.shopify.com/s/files/1/0107/4973/9108/products/product25_4c0aa4b2-309a-44f7-8656-6bf5b54c8c6fc6b5.jpg]
[cdn.shopify.com/s/files/1/0107/4973/9108/products/product25_4c0aa4b2-309a-44f7-8656-6bf5b54c8c6f_mediumc6b5.jpg]
[cdn.shopify.com/s/files/1/0107/4973/9108/products/product29_825146fa-d8ef-4e7d-bc5b-66ba5e89b71bc6b5.jpg]
[cdn.shopify.com/s/files/1/0107/4973/9108/products/product29_825146fa-d8ef-4e7d-bc5b-66ba5e89b71b_mediumc6b5.jpg]
[cdn.shopify.com/s/files/1/0107/4973/9108/products/product22_237da3cb-8ff8-47f8-b21b-270f0dc72afb_thumbc6b5.jpg]
[cdn.shopify.com/s/files/1/0107/4973/9108/products/product25_4c0aa4b2-309a-44f7-8656-6bf5b54c8c6f_thumbc6b5.jpg]
[cdn.shopify.com/s/files/1/0107/4973/9108/products/product29_825146fa-d8ef-4e7d-bc5b-66ba5e89b71b_thumbc6b5.jpg]
[mefit-demo.myshopify.com/products/h151-headphones.html]
[cdn.shopify.com/s/files/1/0107/4973/9108/products/product28_grande41ed.jpg]
[cdn.shopify.com/s/files/1/0107/4973/9108/products/product26_grande41ed.jpg]
[cdn.shopify.com/s/files/1/0107/4973/9108/products/product21_grande41ed.jpg]
[cdn.shopify.com/s/files/1/0107/4973/9108/products/product28_medium41ed.jpg]
[mefit-demo.myshopify.com/products/hands-free-headphone.oembed]
[cdn.shopify.com/s/files/1/0107/4973/9108/products/product2841ed.jpg]
[cdn.shopify.com/s/files/1/0107/4973/9108/products/product2641ed.jpg]
[cdn.shopify.com/s/files/1/0107/4973/9108/products/product26_medium41ed.jpg]
[cdn.shopify.com/s/files/1/0107/4973/9108/products/product2141ed.jpg]
[cdn.shopify.com/s/files/1/0107/4973/9108/products/product21_medium41ed.jpg]
[cdn.shopify.com/s/files/1/0107/4973/9108/products/product28_thumb41ed.jpg]
[cdn.shopify.com/s/files/1/0107/4973/9108/products/product26_thumb41ed.jpg]
[cdn.shopify.com/s/files/1/0107/4973/9108/products/product21_thumb41ed.jpg]
[mefit-demo.myshopify.com/products/hands-free-headphone.html]
[cdn.shopify.com/s/files/1/0107/4973/9108/products/product26_adaff6d1-fee1-443f-acd7-d12d5d2fd233_grandef3b4.jpg]
[cdn.shopify.com/s/files/1/0107/4973/9108/products/product21_f45bb8a3-03ce-4d09-9e91-5d0d63596c50_grandef3b4.jpg]
[cdn.shopify.com/s/files/1/0107/4973/9108/products/product28_942d2e01-b7ab-45eb-a90e-bb22ffec5f58_grandef3b4.jpg]
[cdn.shopify.com/s/files/1/0107/4973/9108/products/product26_adaff6d1-fee1-443f-acd7-d12d5d2fd233_mediumf3b4.jpg]
[mefit-demo.myshopify.com/products/headphone-without-mic.oembed]
[cdn.shopify.com/s/files/1/0107/4973/9108/products/product26_adaff6d1-fee1-443f-acd7-d12d5d2fd233f3b4.jpg]
[cdn.shopify.com/s/files/1/0107/4973/9108/products/product21_f45bb8a3-03ce-4d09-9e91-5d0d63596c50f3b4.jpg]
[cdn.shopify.com/s/files/1/0107/4973/9108/products/product21_f45bb8a3-03ce-4d09-9e91-5d0d63596c50_mediumf3b4.jpg]
[cdn.shopify.com/s/files/1/0107/4973/9108/products/product28_942d2e01-b7ab-45eb-a90e-bb22ffec5f58f3b4.jpg]
[cdn.shopify.com/s/files/1/0107/4973/9108/products/product28_942d2e01-b7ab-45eb-a90e-bb22ffec5f58_mediumf3b4.jpg]
[cdn.shopify.com/s/files/1/0107/4973/9108/products/product26_adaff6d1-fee1-443f-acd7-d12d5d2fd233_thumbf3b4.jpg]
[cdn.shopify.com/s/files/1/0107/4973/9108/products/product21_f45bb8a3-03ce-4d09-9e91-5d0d63596c50_thumbf3b4.jpg]
[cdn.shopify.com/s/files/1/0107/4973/9108/products/product28_942d2e01-b7ab-45eb-a90e-bb22ffec5f58_thumbf3b4.jpg]
[mefit-demo.myshopify.com/products/headphone-without-mic.html]
[mefit-demo.myshopify.com/products/health-wrist-watch.html]
[cdn.shopify.com/s/files/1/0107/4973/9108/products/product3_6385fdbe-98b5-4573-9025-38f474718db5_grandee0e0.jpg]
[cdn.shopify.com/s/files/1/0107/4973/9108/products/product27_grandee0e0.jpg]
[cdn.shopify.com/s/files/1/0107/4973/9108/products/product30_grandee0e0.jpg]
[cdn.shopify.com/s/files/1/0107/4973/9108/products/product3_6385fdbe-98b5-4573-9025-38f474718db5_mediume0e0.jpg]
[mefit-demo.myshopify.com/products/high-passive-noise-attenuation.oembed]
[cdn.shopify.com/s/files/1/0107/4973/9108/products/product27e0e0.jpg]
[cdn.shopify.com/s/files/1/0107/4973/9108/products/product27_mediume0e0.jpg]
[cdn.shopify.com/s/files/1/0107/4973/9108/products/product30e0e0.jpg]
[cdn.shopify.com/s/files/1/0107/4973/9108/products/product30_mediume0e0.jpg]
[cdn.shopify.com/s/files/1/0107/4973/9108/products/product3_6385fdbe-98b5-4573-9025-38f474718db5_thumbe0e0.jpg]
[mefit-demo.myshopify.com/products/high-passive-noise-attenuation.html]
[cdn.shopify.com/s/files/1/0107/4973/9108/products/product21_277891a5-0434-4cfb-a2ed-1f012063f9d0_grandeffe0.jpg]
[cdn.shopify.com/s/files/1/0107/4973/9108/products/product26_72fe36e2-5629-4d07-b9e0-bd866a8751c1_grandeffe0.jpg]
[cdn.shopify.com/s/files/1/0107/4973/9108/products/product28_c2cd82df-6841-4b7c-a243-3d5b799d18d5_grandeffe0.jpg]
[cdn.shopify.com/s/files/1/0107/4973/9108/products/product21_277891a5-0434-4cfb-a2ed-1f012063f9d0_mediumffe0.jpg]
[mefit-demo.myshopify.com/products/in-earphones-wireless.oembed]
[cdn.shopify.com/s/files/1/0107/4973/9108/products/product21_277891a5-0434-4cfb-a2ed-1f012063f9d0ffe0.jpg]
[cdn.shopify.com/s/files/1/0107/4973/9108/products/product26_72fe36e2-5629-4d07-b9e0-bd866a8751c1ffe0.jpg]
[cdn.shopify.com/s/files/1/0107/4973/9108/products/product26_72fe36e2-5629-4d07-b9e0-bd866a8751c1_mediumffe0.jpg]
[cdn.shopify.com/s/files/1/0107/4973/9108/products/product28_c2cd82df-6841-4b7c-a243-3d5b799d18d5ffe0.jpg]
[cdn.shopify.com/s/files/1/0107/4973/9108/products/product28_c2cd82df-6841-4b7c-a243-3d5b799d18d5_mediumffe0.jpg]
[cdn.shopify.com/s/files/1/0107/4973/9108/products/product21_277891a5-0434-4cfb-a2ed-1f012063f9d0_thumbffe0.jpg]
[cdn.shopify.com/s/files/1/0107/4973/9108/products/product26_72fe36e2-5629-4d07-b9e0-bd866a8751c1_thumbffe0.jpg]
[cdn.shopify.com/s/files/1/0107/4973/9108/products/product28_c2cd82df-6841-4b7c-a243-3d5b799d18d5_thumbffe0.jpg]
[mefit-demo.myshopify.com/products/in-earphones-wireless.html]
[cdn.shopify.com/s/files/1/0107/4973/9108/products/product22_90ff3668-b336-4829-8fcd-141c68b675cf_grande439d.jpg]
[cdn.shopify.com/s/files/1/0107/4973/9108/products/product1_medium439d.jpg]
[mefit-demo.myshopify.com/products/legend-bluetooth-headset.oembed]
[cdn.shopify.com/s/files/1/0107/4973/9108/products/product22_90ff3668-b336-4829-8fcd-141c68b675cf439d.jpg]
[cdn.shopify.com/s/files/1/0107/4973/9108/products/product22_90ff3668-b336-4829-8fcd-141c68b675cf_medium439d.jpg]
[cdn.shopify.com/s/files/1/0107/4973/9108/products/product1_thumb439d.jpg]
[mefit-demo.myshopify.com/products/legend-bluetooth-headset.html]
[cdn.shopify.com/s/files/1/0107/4973/9108/products/product23_grande7a6d.jpg]
[cdn.shopify.com/s/files/1/0107/4973/9108/products/product4_grande7a6d.jpg]
[cdn.shopify.com/s/files/1/0107/4973/9108/products/product24_grande7a6d.jpg]
[cdn.shopify.com/s/files/1/0107/4973/9108/products/product23_medium7a6d.jpg]
[mefit-demo.myshopify.com/products/max-wired-headphones.oembed]
[cdn.shopify.com/s/files/1/0107/4973/9108/products/product237a6d.jpg]
[cdn.shopify.com/s/files/1/0107/4973/9108/products/product47a6d.jpg]
[cdn.shopify.com/s/files/1/0107/4973/9108/products/product4_medium7a6d.jpg]
[cdn.shopify.com/s/files/1/0107/4973/9108/products/product247a6d.jpg]
[cdn.shopify.com/s/files/1/0107/4973/9108/products/product24_medium7a6d.jpg]
[cdn.shopify.com/s/files/1/0107/4973/9108/products/product23_thumb7a6d.jpg]
[cdn.shopify.com/s/files/1/0107/4973/9108/products/product4_thumb7a6d.jpg]
[cdn.shopify.com/s/files/1/0107/4973/9108/products/product24_thumb7a6d.jpg]
[mefit-demo.myshopify.com/products/max-wired-headphones.html]
[cdn.shopify.com/s/files/1/0107/4973/9108/products/product5_78da1e1d-82d5-4828-8619-a0507b98e631_grande5d27.jpg]
[cdn.shopify.com/s/files/1/0107/4973/9108/products/product16_ff148496-bc3f-4dca-b498-7849639f354a_grande5d27.jpg]
[cdn.shopify.com/s/files/1/0107/4973/9108/products/product17_2d196718-0fc3-403f-8fb2-9280bd124234_grande5d27.jpg]
[cdn.shopify.com/s/files/1/0107/4973/9108/products/product5_78da1e1d-82d5-4828-8619-a0507b98e631_medium5d27.jpg]
[mefit-demo.myshopify.com/products/mini-rechargeable-speaker.oembed]
[cdn.shopify.com/s/files/1/0107/4973/9108/products/product16_ff148496-bc3f-4dca-b498-7849639f354a5d27.jpg]
[cdn.shopify.com/s/files/1/0107/4973/9108/products/product16_ff148496-bc3f-4dca-b498-7849639f354a_medium5d27.jpg]
[cdn.shopify.com/s/files/1/0107/4973/9108/products/product17_2d196718-0fc3-403f-8fb2-9280bd1242345d27.jpg]
[cdn.shopify.com/s/files/1/0107/4973/9108/products/product17_2d196718-0fc3-403f-8fb2-9280bd124234_medium5d27.jpg]
[cdn.shopify.com/s/files/1/0107/4973/9108/products/product5_78da1e1d-82d5-4828-8619-a0507b98e631_thumb5d27.jpg]
[cdn.shopify.com/s/files/1/0107/4973/9108/products/product16_ff148496-bc3f-4dca-b498-7849639f354a_thumb5d27.jpg]
[cdn.shopify.com/s/files/1/0107/4973/9108/products/product17_2d196718-0fc3-403f-8fb2-9280bd124234_thumb5d27.jpg]
[mefit-demo.myshopify.com/products/mini-rechargeable-speaker.html]
[cdn.shopify.com/s/files/1/0107/4973/9108/products/product17_072ac50e-1fb8-4b3c-9f3b-ec5926d1063e_grandee160.jpg]
[cdn.shopify.com/s/files/1/0107/4973/9108/products/product16_c43814b8-313b-4002-8c9e-a08134c9ae12_grandee160.jpg]
[cdn.shopify.com/s/files/1/0107/4973/9108/products/product5_90b5cc10-b1c6-4d46-a69a-1c551c9af897_grandee160.jpg]
[cdn.shopify.com/s/files/1/0107/4973/9108/products/product17_072ac50e-1fb8-4b3c-9f3b-ec5926d1063e_mediume160.jpg]
[mefit-demo.myshopify.com/products/multimedia-speakers-black.oembed]
[cdn.shopify.com/s/files/1/0107/4973/9108/products/product17_072ac50e-1fb8-4b3c-9f3b-ec5926d1063ee160.jpg]
[cdn.shopify.com/s/files/1/0107/4973/9108/products/product16_c43814b8-313b-4002-8c9e-a08134c9ae12e160.jpg]
[cdn.shopify.com/s/files/1/0107/4973/9108/products/product16_c43814b8-313b-4002-8c9e-a08134c9ae12_mediume160.jpg]
[cdn.shopify.com/s/files/1/0107/4973/9108/products/product5_90b5cc10-b1c6-4d46-a69a-1c551c9af897e160.jpg]
[cdn.shopify.com/s/files/1/0107/4973/9108/products/product5_90b5cc10-b1c6-4d46-a69a-1c551c9af897_mediume160.jpg]
[cdn.shopify.com/s/files/1/0107/4973/9108/products/product17_072ac50e-1fb8-4b3c-9f3b-ec5926d1063e_thumbe160.jpg]
[cdn.shopify.com/s/files/1/0107/4973/9108/products/product16_c43814b8-313b-4002-8c9e-a08134c9ae12_thumbe160.jpg]
[cdn.shopify.com/s/files/1/0107/4973/9108/products/product5_90b5cc10-b1c6-4d46-a69a-1c551c9af897_thumbe160.jpg]
[mefit-demo.myshopify.com/products/multimedia-speakers-black.html]
[cdn.shopify.com/s/files/1/0107/4973/9108/products/product23_dac541d3-68eb-4d4e-a730-595c7d936ff1_grande3f19.jpg]
[cdn.shopify.com/s/files/1/0107/4973/9108/products/product24_481ece56-db20-4ebe-bc55-4988701469c4_grande3f19.jpg]
[cdn.shopify.com/s/files/1/0107/4973/9108/products/product4_b71884f1-9a8d-469d-8400-840daeb985e8_medium3f19.jpg]
[mefit-demo.myshopify.com/products/on-ear-bluetooth-headphones.oembed]
[cdn.shopify.com/s/files/1/0107/4973/9108/products/product23_dac541d3-68eb-4d4e-a730-595c7d936ff13f19.jpg]
[cdn.shopify.com/s/files/1/0107/4973/9108/products/product23_dac541d3-68eb-4d4e-a730-595c7d936ff1_medium3f19.jpg]
[cdn.shopify.com/s/files/1/0107/4973/9108/products/product24_481ece56-db20-4ebe-bc55-4988701469c43f19.jpg]
[cdn.shopify.com/s/files/1/0107/4973/9108/products/product24_481ece56-db20-4ebe-bc55-4988701469c4_medium3f19.jpg]
[cdn.shopify.com/s/files/1/0107/4973/9108/products/product4_b71884f1-9a8d-469d-8400-840daeb985e8_thumb3f19.jpg]
[cdn.shopify.com/s/files/1/0107/4973/9108/products/product23_dac541d3-68eb-4d4e-a730-595c7d936ff1_thumb3f19.jpg]
[cdn.shopify.com/s/files/1/0107/4973/9108/products/product24_481ece56-db20-4ebe-bc55-4988701469c4_thumb3f19.jpg]
[mefit-demo.myshopify.com/products/on-ear-bluetooth-headphones.html]
[cdn.shopify.com/s/files/1/0107/4973/9108/products/product27_a4ec34a1-639e-4d35-b0af-4ced95c43f74_grande3775.jpg]
[cdn.shopify.com/s/files/1/0107/4973/9108/products/product3_e8929489-1813-43c5-aacd-a448e1dd502c_grande3775.jpg]
[cdn.shopify.com/s/files/1/0107/4973/9108/products/product30_ff4cb772-a45c-4e5e-b752-a41e492a8ff5_grande3775.jpg]
[cdn.shopify.com/s/files/1/0107/4973/9108/products/product27_a4ec34a1-639e-4d35-b0af-4ced95c43f74_medium3775.jpg]
[mefit-demo.myshopify.com/products/on-ear-headphones-black.oembed]
[cdn.shopify.com/s/files/1/0107/4973/9108/products/product27_a4ec34a1-639e-4d35-b0af-4ced95c43f743775.jpg]
[cdn.shopify.com/s/files/1/0107/4973/9108/products/product3_e8929489-1813-43c5-aacd-a448e1dd502c3775.jpg]
[cdn.shopify.com/s/files/1/0107/4973/9108/products/product3_e8929489-1813-43c5-aacd-a448e1dd502c_medium3775.jpg]
[cdn.shopify.com/s/files/1/0107/4973/9108/products/product30_ff4cb772-a45c-4e5e-b752-a41e492a8ff53775.jpg]
[cdn.shopify.com/s/files/1/0107/4973/9108/products/product30_ff4cb772-a45c-4e5e-b752-a41e492a8ff5_medium3775.jpg]
[cdn.shopify.com/s/files/1/0107/4973/9108/products/product27_a4ec34a1-639e-4d35-b0af-4ced95c43f74_thumb3775.jpg]
[mefit-demo.myshopify.com/products/on-ear-headphones-black.html]
[cdn.shopify.com/s/files/1/0107/4973/9108/products/product8_grande4c1a.jpg]
[cdn.shopify.com/s/files/1/0107/4973/9108/products/product7_grande4c1a.jpg]
[cdn.shopify.com/s/files/1/0107/4973/9108/products/product6_grande4c1a.jpg]
[cdn.shopify.com/s/files/1/0107/4973/9108/products/product8_medium4c1a.jpg]
[mefit-demo.myshopify.com/products/outdoor-speakers-handfree.oembed]
[cdn.shopify.com/s/files/1/0107/4973/9108/products/product74c1a.jpg]
[cdn.shopify.com/s/files/1/0107/4973/9108/products/product7_medium4c1a.jpg]
[cdn.shopify.com/s/files/1/0107/4973/9108/products/product64c1a.jpg]
[cdn.shopify.com/s/files/1/0107/4973/9108/products/product6_medium4c1a.jpg]
[cdn.shopify.com/s/files/1/0107/4973/9108/products/product8_thumb4c1a.jpg]
[cdn.shopify.com/s/files/1/0107/4973/9108/products/product7_thumb4c1a.jpg]
[cdn.shopify.com/s/files/1/0107/4973/9108/products/product6_thumb4c1a.jpg]
[mefit-demo.myshopify.com/products/outdoor-speakers-handfree.html]
[cdn.shopify.com/s/files/1/0107/4973/9108/products/product7_9bad38a5-d8f1-4ea1-acca-d45ec12cca78_grandee770.jpg]
[cdn.shopify.com/s/files/1/0107/4973/9108/products/product6_720d635a-90f7-4dd9-80d7-3971ec040023_grandee770.jpg]
[cdn.shopify.com/s/files/1/0107/4973/9108/products/product8_a4645aa9-9172-4190-a09a-ba0399155c4e_grandee770.jpg]
[cdn.shopify.com/s/files/1/0107/4973/9108/products/product7_9bad38a5-d8f1-4ea1-acca-d45ec12cca78_mediume770.jpg]
[mefit-demo.myshopify.com/products/portable-bluetooth-speaker.oembed]
[cdn.shopify.com/s/files/1/0107/4973/9108/products/product6_720d635a-90f7-4dd9-80d7-3971ec040023e770.jpg]
[cdn.shopify.com/s/files/1/0107/4973/9108/products/product6_720d635a-90f7-4dd9-80d7-3971ec040023_mediume770.jpg]
[cdn.shopify.com/s/files/1/0107/4973/9108/products/product8_a4645aa9-9172-4190-a09a-ba0399155c4ee770.jpg]
[cdn.shopify.com/s/files/1/0107/4973/9108/products/product8_a4645aa9-9172-4190-a09a-ba0399155c4e_mediume770.jpg]
[cdn.shopify.com/s/files/1/0107/4973/9108/products/product7_9bad38a5-d8f1-4ea1-acca-d45ec12cca78_thumbe770.jpg]
[cdn.shopify.com/s/files/1/0107/4973/9108/products/product6_720d635a-90f7-4dd9-80d7-3971ec040023_thumbe770.jpg]
[cdn.shopify.com/s/files/1/0107/4973/9108/products/product8_a4645aa9-9172-4190-a09a-ba0399155c4e_thumbe770.jpg]
[mefit-demo.myshopify.com/products/portable-bluetooth-speaker.html]
[mefit-demo.myshopify.com/products/pro-activity-tracker.html]
[mefit-demo.myshopify.com/products/sleep-wristband.html]
[mefit-demo.myshopify.com/products/stereo-headphones-black.html]
[mefit-demo.myshopify.com/products/POST.html]
[mefit-demo.myshopify.com/collections/best-seller/products/POST]
[mefit-demo.myshopify.com/collections/best-seller/products/fitness-tracker-large.html]
[mefit-demo.myshopify.com/collections/best-seller/products/ear-headphones-with-mic.html]
[mefit-demo.myshopify.com/collections/best-seller/products/gym-bag-backpack.html]
[mefit-demo.myshopify.com/collections/best-seller/products/designer-football-bag.html]
[mefit-demo.myshopify.com/collections/best-seller/products/gym-bag-with-shoes.html]
[mefit-demo.myshopify.com/collections/best-seller/products/bass-stereo-headphone.html]
[mefit-demo.myshopify.com/products/index.html]
[mefit-demo.myshopify.com/collections/best-seller/products/channel-multimedia-speakers.html]
[mefit-demo.myshopify.com/collections/latest-product/products/POST]
[mefit-demo.myshopify.com/collections/latest-product/products/legend-bluetooth-headset.html]
[mefit-demo.myshopify.com/collections/latest-product/products/health-wrist-watch.html]
[mefit-demo.myshopify.com/collections/latest-product/products/high-passive-noise-attenuation.html]
[mefit-demo.myshopify.com/collections/latest-product/products/in-earphones-wireless.html]
[mefit-demo.myshopify.com/collections/latest-product/products/headphone-without-mic.html]
[mefit-demo.myshopify.com/collections/latest-product/products/hands-free-headphone.html]
[mefit-demo.myshopify.com/collections/latest-product/products/h151-headphones.html]
[mefit-demo.myshopify.com/collections/new-arrival/products/POST]
[mefit-demo.myshopify.com/collections/new-arrival/products/on-ear-bluetooth-headphones.html]
[mefit-demo.myshopify.com/collections/new-arrival/products/mini-rechargeable-speaker.html]
[mefit-demo.myshopify.com/collections/new-arrival/products/portable-bluetooth-speaker.html]
[mefit-demo.myshopify.com/collections/new-arrival/products/outdoor-speakers-handfree.html]
[mefit-demo.myshopify.com/collections/new-arrival/products/multimedia-speakers-black.html]
[mefit-demo.myshopify.com/collections/new-arrival/products/max-wired-headphones.html]
[mefit-demo.myshopify.com/collections/new-arrival/products/on-ear-headphones-black.html]
[mefit-demo.myshopify.com/pages/POST.html]
[mefit-demo.myshopify.com/blogs/news2679.html]
[cdn.shopify.com/s/files/1/0107/4973/9108/articles/blog-7096e.jpg]
[mefit-demo.myshopify.com/blogs/news/the-pedometer-calculating-the-calories.html]
[mefit-demo.myshopify.com/blogs/news/regular-gym-keeps-you-fit.html]
[cdn.shopify.com/s/files/1/0107/4973/9108/articles/blog-64717.jpg]
[cdn.shopify.com/s/files/1/0107/4973/9108/articles/blog-45970.jpg]
[mefit-demo.myshopify.com/blogs/news/the-blood-pressure-monitor.html]
[mefit-demo.myshopify.com/blogs/news/the-best-notification-tracker.html]
[cdn.shopify.com/s/files/1/0107/4973/9108/articles/blog-341f8.jpg]
[mefit-demo.myshopify.com/blogs/news/burning-the-calories.html]
[cdn.shopify.com/s/files/1/0107/4973/9108/articles/blog-245a6.jpg]
[cdn.shopify.com/s/files/1/0107/4973/9108/articles/blog-18998.jpg]
[mefit-demo.myshopify.com/blogs/news/pedometer-fitness-tracker.html]
[mefit-demo.myshopify.com/blogs/news4658.html]
[mefit-demo.myshopify.com/blogs/POST.html]
[cdn.shopify.com/s/files/1/0107/4973/9108/articles/blog-13_grande3ee3.jpg]
[mefit-demo.myshopify.com/blogs/news/POST.4d3.delayed]
[mefit-demo.myshopify.com/blogs/news/sport-model-smart-watch.html]
[cdn.shopify.com/s/files/1/0107/4973/9108/articles/blog-12_grandebceb.jpg]
[mefit-demo.myshopify.com/blogs/news/the-steps-count-tracker.html]
[cdn.shopify.com/s/files/1/0107/4973/9108/articles/blog-11_grande9f0c.jpg]
[mefit-demo.myshopify.com/blogs/news/sleep-monitor-with-alarm.html]
[mefit-demo.myshopify.com/blogs/news/tagged/alarm.atom]
[mefit-demo.myshopify.com/blogs/news/tagged/POST]
[mefit-demo.myshopify.com/blogs/news/tagged/alarm.html]
[mefit-demo.myshopify.com/blogs/news/tagged/calculating.html]
[mefit-demo.myshopify.com/blogs/news/tagged/calculating.atom]
[mefit-demo.myshopify.com/blogs/news/tagged/calories.html]
[mefit-demo.myshopify.com/blogs/news/tagged/calories.atom]
[mefit-demo.myshopify.com/blogs/news/tagged/fitness.html]
[mefit-demo.myshopify.com/blogs/news/tagged/fitness.atom]
[mefit-demo.myshopify.com/blogs/news/tagged/gym.html]
[mefit-demo.myshopify.com/blogs/news/tagged/gym.atom]
[mefit-demo.myshopify.com/blogs/news/tagged/health-tracker.html]
[mefit-demo.myshopify.com/blogs/news/tagged/health-tracker.atom]
[mefit-demo.myshopify.com/blogs/news/tagged/heart-rate.html]
[mefit-demo.myshopify.com/blogs/news/tagged/heart-rate.atom]
[mefit-demo.myshopify.com/blogs/news/tagged/monitor.html]
[mefit-demo.myshopify.com/blogs/news/tagged/monitor.atom]
[mefit-demo.myshopify.com/blogs/news/tagged/notification.html]
[mefit-demo.myshopify.com/blogs/news/tagged/notification.atom]
[mefit-demo.myshopify.com/blogs/news/tagged/pedometer.html]
[mefit-demo.myshopify.com/blogs/news/tagged/pedometer.atom]
[mefit-demo.myshopify.com/blogs/news/tagged/smart-watch.html]
[mefit-demo.myshopify.com/blogs/news/tagged/smart-watch.atom]
[mefit-demo.myshopify.com/blogs/news/tagged/steps-count.html]
[mefit-demo.myshopify.com/blogs/news/tagged/steps-count.atom]
[mefit-demo.myshopify.com/blogs/news/tagged/tracker.html]
[mefit-demo.myshopify.com/blogs/news/tagged/tracker.atom]
[mefit-demo.myshopify.com/blogs/news/tagged/watch.html]
[mefit-demo.myshopify.com/blogs/news/tagged/watch.atom]
[cdn.shopify.com/s/files/1/0107/4973/9108/articles/blog-10_grande7308.jpg]
[mefit-demo.myshopify.com/blogs/news/amazing-feature-tracker-watch.html]
[cdn.shopify.com/s/files/1/0107/4973/9108/articles/blog-9_grande09de.jpg]
[mefit-demo.myshopify.com/blogs/news/smart-wristband-watch.html]
[cdn.shopify.com/s/files/1/0107/4973/9108/articles/blog-8_grande61d2.jpg]
[mefit-demo.myshopify.com/blogs/news/the-best-heart-rates-calculate.html]
[cdn.shopify.com/s/global/search.css]
[mefit-demo.myshopify.com/account/POST.html]
[cdn.shopify.com/s/files/1/0107/4973/9108/t/3/assets/sprite_next660e.html]
[cdn.shopify.com/s/files/1/0107/4973/9108/t/3/assets/sprite_prev660e.html]
[cdn.shopify.com/s/files/1/0107/4973/9108/t/3/assets/default_thumb660e.html]
[cdn.shopify.com/s/files/1/0107/4973/9108/t/3/assets/loader660e.html]
[cdn.shopify.com/s/files/1/0107/4973/9108/t/3/assets/default_thumbnail660e.html]
[cdn.shopify.com/s/files/1/0107/4973/9108/t/3/assets/btnNext660e.html]
[cdn.shopify.com/s/files/1/0107/4973/9108/t/3/assets/contentPattern660e.html]
[mefit-demo.myshopify.com/collections/new-offers/products/POST.html]
[mefit-demo.myshopify.com/products/thumping-bass-headphone.html]
[mefit-demo.myshopify.com/products/wireless-bluetooth-headphones-1.html]
[mefit-demo.myshopify.com/products/wireless-bluetooth-speaker.html]
[mefit-demo.myshopify.com/collections/all2679.html]
[mefit-demo.myshopify.com/collections/best-seller/products/POST.html]
[mefit-demo.myshopify.com/collections/latest-product/products/POST.html]
[mefit-demo.myshopify.com/collections/new-arrival/products/POST.html]
[mefit-demo.myshopify.com/blogs/news2679.html]
[cdn.shopify.com/s/files/1/0107/4973/9108/articles/blog-7_grande096e.jpg]
[mefit-demo.myshopify.com/blogs/news/the-pedometer-calculating-the-calories.html]
[cdn.shopify.com/s/files/1/0107/4973/9108/articles/blog-6_grande4717.jpg]
[mefit-demo.myshopify.com/blogs/news/regular-gym-keeps-you-fit.html]
[cdn.shopify.com/s/files/1/0107/4973/9108/articles/blog-4_grande5970.jpg]
[mefit-demo.myshopify.com/blogs/news/the-blood-pressure-monitor.html]
[cdn.shopify.com/s/files/1/0107/4973/9108/articles/blog-3_grande41f8.jpg]
[mefit-demo.myshopify.com/blogs/news/the-best-notification-tracker.html]
[cdn.shopify.com/s/files/1/0107/4973/9108/articles/blog-2_grande45a6.jpg]
[mefit-demo.myshopify.com/blogs/news/burning-the-calories.html]
[cdn.shopify.com/s/files/1/0107/4973/9108/articles/blog-1_grande8998.jpg]
[mefit-demo.myshopify.com/blogs/news/pedometer-fitness-tracker.html]
[mefit-demo.myshopify.com/blogs/news/POST.html]
[pinterest.com/pin/create/button/index790b.html]
[pinterest.com/pin/create/button/index8fce.html]
[pinterest.com/pin/create/button/index4975.html]
[mefit-demo.myshopify.com/blogs/news/tagged/POST.html]
[pinterest.com/pin/create/button/index97bc.html]
[pinterest.com/pin/create/button/index4c5f.html]
[pinterest.com/pin/create/button/index9bb0.html]
[pinterest.com/pin/create/button/indexd70a.html]
[pinterest.com/pin/create/button/indexf0e3.html]
[pinterest.com/pin/create/button/index1967.html]
[pinterest.com/pin/create/button/index2e31.html]
[pinterest.com/pin/create/button/index117d.html]
[pinterest.com/pin/create/button/indexfc96.html]
[pinterest.com/pin/create/button/index6684.html]
[pinterest.com/pin/create/button/indexb64e.html]
[pinterest.com/pin/create/button/index355b.html]
[pinterest.com/pin/create/button/index71c3.html]
[pinterest.com/pin/create/button/indexc36b.html]
[pinterest.com/pin/create/button/index134a.html]
[pinterest.com/pin/create/button/index88d9.html]
[pinterest.com/pin/create/button/index16eb.html]
[pinterest.com/pin/create/button/index2d87.html]
[pinterest.com/pin/create/button/index1549.html]
[pinterest.com/pin/create/button/indexf893.html]
[pinterest.com/pin/create/button/indexf6c2.html]
